<html>
<body>
<pre>
<h1>µVision Build Log</h1>
<h2>Project:</h2>
E:\v24he11s11\Downloads\ARM_Major_ProjectV10\ARM_Major_ProjectV9\ARM_Major_ProjectV8\ARM_Major_ProjectV8\LPC2148-ESP01-LEVEL1\ESP01.uvproj
Project File Date:  12/10/2025

<h2>Output:</h2>
Build target 'Target 1'
assembling Startup.s...
compiling uart0.c...
compiling delay.c...
compiling esp01.c...
compiling lcd.c...
compiling dht11.c...
compiling dht11_eeprom.c...
compiling i2c.c...
compiling i2c_eeprom.c...
compiling i2c_peripheral.c...
compiling pin_connect_block.c...
compiling mainFile.c...
compiling rtc_based_cloud_updation.c...
compiling eint0.c...
compiling interrupts.c...
compiling kpm.c...
compiling rtc.c...
compiling setPointAction.c...
linking...
Program Size: Code=10676 RO-data=32 RW-data=284 ZI-data=1292  
FromELF: creating hex file...
"output.axf" - 0 Error(s), 0 Warning(s).
Build target 'Target 1'
assembling Startup.s...
compiling uart0.c...
compiling delay.c...
compiling esp01.c...
compiling lcd.c...
compiling dht11.c...
compiling dht11_eeprom.c...
compiling i2c.c...
compiling i2c_eeprom.c...
compiling i2c_peripheral.c...
compiling pin_connect_block.c...
compiling mainFile.c...
compiling rtc_based_cloud_updation.c...
compiling eint0.c...
compiling interrupts.c...
compiling kpm.c...
compiling rtc.c...
compiling setPointAction.c...
linking...
Program Size: Code=10672 RO-data=32 RW-data=284 ZI-data=1292  
FromELF: creating hex file...
"output.axf" - 0 Error(s), 0 Warning(s).
Build target 'Target 1'
assembling Startup.s...
compiling uart0.c...
compiling delay.c...
compiling esp01.c...
compiling lcd.c...
compiling dht11.c...
compiling dht11_eeprom.c...
compiling i2c.c...
compiling i2c_eeprom.c...
compiling i2c_peripheral.c...
compiling pin_connect_block.c...
compiling mainFile.c...
compiling rtc_based_cloud_updation.c...
compiling eint0.c...
compiling interrupts.c...
compiling kpm.c...
compiling rtc.c...
compiling setPointAction.c...
linking...
Program Size: Code=10680 RO-data=32 RW-data=284 ZI-data=1292  
FromELF: creating hex file...
"output.axf" - 0 Error(s), 0 Warning(s).
Build target 'Target 1'
assembling Startup.s...
compiling uart0.c...
compiling delay.c...
compiling esp01.c...
compiling lcd.c...
compiling dht11.c...
compiling dht11_eeprom.c...
compiling i2c.c...
compiling i2c_eeprom.c...
compiling i2c_peripheral.c...
compiling pin_connect_block.c...
compiling mainFile.c...
compiling rtc_based_cloud_updation.c...
compiling eint0.c...
compiling interrupts.c...
compiling kpm.c...
compiling rtc.c...
compiling setPointAction.c...
linking...
Program Size: Code=10664 RO-data=32 RW-data=284 ZI-data=1292  
FromELF: creating hex file...
"output.axf" - 0 Error(s), 0 Warning(s).
Build target 'Target 1'
assembling Startup.s...
compiling uart0.c...
compiling delay.c...
compiling esp01.c...
compiling lcd.c...
compiling dht11.c...
compiling dht11_eeprom.c...
compiling i2c.c...
compiling i2c_eeprom.c...
compiling i2c_peripheral.c...
compiling pin_connect_block.c...
compiling mainFile.c...
compiling rtc_based_cloud_updation.c...
compiling eint0.c...
compiling interrupts.c...
compiling kpm.c...
compiling rtc.c...
compiling setPointAction.c...
linking...
Program Size: Code=10668 RO-data=32 RW-data=284 ZI-data=1292  
FromELF: creating hex file...
"output.axf" - 0 Error(s), 0 Warning(s).
Build target 'Target 1'
assembling Startup.s...
compiling uart0.c...
compiling delay.c...
compiling esp01.c...
compiling lcd.c...
compiling dht11.c...
compiling dht11_eeprom.c...
compiling i2c.c...
compiling i2c_eeprom.c...
compiling i2c_peripheral.c...
compiling pin_connect_block.c...
compiling mainFile.c...
compiling rtc_based_cloud_updation.c...
compiling eint0.c...
compiling interrupts.c...
compiling kpm.c...
compiling rtc.c...
compiling setPointAction.c...
linking...
Program Size: Code=10668 RO-data=32 RW-data=284 ZI-data=1292  
FromELF: creating hex file...
"output.axf" - 0 Error(s), 0 Warning(s).
Build target 'Target 1'
assembling Startup.s...
compiling uart0.c...
compiling delay.c...
compiling esp01.c...
compiling lcd.c...
compiling dht11.c...
compiling dht11_eeprom.c...
compiling i2c.c...
compiling i2c_eeprom.c...
compiling i2c_peripheral.c...
compiling pin_connect_block.c...
compiling mainFile.c...
compiling rtc_based_cloud_updation.c...
compiling eint0.c...
compiling interrupts.c...
compiling kpm.c...
compiling rtc.c...
compiling setPointAction.c...
linking...
Program Size: Code=10668 RO-data=32 RW-data=284 ZI-data=1292  
FromELF: creating hex file...
"output.axf" - 0 Error(s), 0 Warning(s).
