ARM Linker, 4.1 [Build 481] [Evaluation]

==============================================================================

Section Cross References

    startup.o(STACK) refers (Special) to heapauxi.o(.text) for __use_two_region_memory
    startup.o(HEAP) refers (Special) to heapauxi.o(.text) for __use_two_region_memory
    startup.o(RESET) refers (Special) to heapauxi.o(.text) for __use_two_region_memory
    startup.o(RESET) refers to startup.o(STACK) for Stack_Top
    startup.o(RESET) refers to __main.o(!!!main) for __main
    startup.o(.text) refers (Special) to heapauxi.o(.text) for __use_two_region_memory
    startup.o(.text) refers to startup.o(HEAP) for Heap_Mem
    startup.o(.text) refers to startup.o(STACK) for Stack_Mem
    uart0.o(.text) refers to aeabi_sdiv.o(.text_udiv) for __aeabi_uidivmod
    uart0.o(.text) refers to ffix.o(x$fpl$ffix) for __aeabi_f2iz
    uart0.o(.text) refers to fflt_noclz.o(x$fpl$fflt) for __aeabi_i2f
    uart0.o(.text) refers to faddsub_noclz.o(x$fpl$frsb) for __aeabi_frsub
    uart0.o(.text) refers to fmul.o(x$fpl$fmul) for __aeabi_fmul
    uart0.o(.text) refers to uart0.o(.data) for ch
    esp01.o(.text) refers to lcd.o(.text) for cmdLCD
    esp01.o(.text) refers to delay.o(.text) for delayMS
    esp01.o(.text) refers to uart0.o(.text) for UART0_Str
    esp01.o(.text) refers to rt_memclr.o(.text) for __aeabi_memclr
    esp01.o(.text) refers to strstr.o(.text) for strstr
    esp01.o(.text) refers to uart0.o(.data) for i
    lcd.o(.text) refers to delay.o(.text) for delayUS
    lcd.o(.text) refers to aeabi_sdiv.o(.text_udiv) for __aeabi_uidivmod
    lcd.o(.text) refers to f2d.o(x$fpl$f2d) for __aeabi_f2d
    lcd.o(.text) refers to dleqf.o(x$fpl$dleqf) for __aeabi_cdcmple
    lcd.o(.text) refers to ffixu.o(x$fpl$ffixu) for __aeabi_f2uiz
    lcd.o(.text) refers to fflt_noclz.o(x$fpl$ffltu) for __aeabi_ui2f
    lcd.o(.text) refers to faddsub_noclz.o(x$fpl$frsb) for __aeabi_frsub
    lcd.o(.text) refers to fmul.o(x$fpl$fmul) for __aeabi_fmul
    dht11.o(.text) refers to delay.o(.text) for delayMS
    dht11.o(.text) refers to lcd.o(.text) for strLCD
    dht11_eeprom.o(.text) refers to i2c_eeprom.o(.text) for i2c_eeprom_byteWrite
    dht11_eeprom.o(.text) refers to lcd.o(.text) for cmdLCD
    dht11_eeprom.o(.text) refers to delay.o(.text) for delayMS
    dht11_eeprom.o(.text) refers to rtc_based_cloud_updation.o(.text) for updateToCloud
    dht11_eeprom.o(.text) refers to dht11_eeprom.o(.data) for eeprom_index
    i2c_eeprom.o(.text) refers to i2c.o(.text) for i2c_Start
    i2c_eeprom.o(.text) refers to delay.o(.text) for delayMS
    i2c_peripheral.o(.text) refers to pin_connect_block.o(.text) for cfgPortPinFunc
    mainfile.o(.text) refers to rtc.o(.text) for Init_RTC
    mainfile.o(.text) refers to interrupts.o(.text) for RTC_nmin_Alarm
    mainfile.o(.text) refers to lcd.o(.text) for Init_LCD
    mainfile.o(.text) refers to eint0.o(.text) for Init_eint0
    mainfile.o(.text) refers to uart0.o(.text) for InitUART0
    mainfile.o(.text) refers to i2c_peripheral.o(.text) for Init_i2c
    mainfile.o(.text) refers to kpm.o(.text) for Init_KPM
    mainfile.o(.text) refers to delay.o(.text) for delayMS
    mainfile.o(.text) refers to esp01.o(.text) for esp01_connectAP
    mainfile.o(.text) refers to dht11.o(.text) for display_DHT11
    mainfile.o(.text) refers to dht11_eeprom.o(.text) for store_DHT11_to_EEPROM
    mainfile.o(.text) refers to setpointaction.o(.text) for setPointAction
    mainfile.o(.text) refers to mainfile.o(.data) for temperature
    mainfile.o(.text) refers to interrupts.o(.data) for setPoint
    rtc_based_cloud_updation.o(.text) refers to aeabi_sdiv.o(.text) for __aeabi_idivmod
    rtc_based_cloud_updation.o(.text) refers to dht11_eeprom.o(.text) for read_DHT11_record
    rtc_based_cloud_updation.o(.text) refers to esp01.o(.text) for esp01_sendToThingspeak
    rtc_based_cloud_updation.o(.text) refers to rtc_based_cloud_updation.o(.bss) for str
    rtc_based_cloud_updation.o(.text) refers to rtc_based_cloud_updation.o(.data) for temper
    rtc_based_cloud_updation.o(.text) refers to dht11_eeprom.o(.data) for eeprom_index
    eint0.o(.text) refers to interrupts.o(.text) for interruptDisplay
    eint0.o(.text) refers to pin_connect_block.o(.text) for cfgPortPinFunc
    interrupts.o(.text) refers to lcd.o(.text) for cmdLCD
    interrupts.o(.text) refers to rtc_based_cloud_updation.o(.text) for updateToCloud
    interrupts.o(.text) refers to delay.o(.text) for delayMS
    interrupts.o(.text) refers to kpm.o(.text) for Init_KPM
    interrupts.o(.text) refers to interrupts.o(.data) for minute_count
    kpm.o(.text) refers to kpm.o(.data) for kpmLUT
    rt_memclr.o(.text) refers to rt_memclr_w.o(.text) for _memset_w
    aeabi_sdiv.o(.text_udiv) refers to aeabi_sdiv.o(.text) for __arm_div2
    aeabi_sdiv_div0.o(.text_udiv) refers to aeabi_sdiv_div0.o(.text) for __arm_div2
    __main.o(!!!main) refers to rtentry.o(.ARM.Collect$$rtentry$$00000000) for __rt_entry
    dleqf.o(x$fpl$dleqf) refers (Special) to usenofp.o(x$fpl$usenofp) for __I$use$fp
    dleqf.o(x$fpl$dleqf) refers to dnaninf.o(x$fpl$dnaninf) for __fpl_dnaninf
    dleqf.o(x$fpl$dleqf) refers to dcmpi.o(x$fpl$dcmpinf) for __fpl_dcmp_Inf
    f2d.o(x$fpl$f2d) refers (Special) to usenofp.o(x$fpl$usenofp) for __I$use$fp
    f2d.o(x$fpl$f2d) refers to fnaninf.o(x$fpl$fnaninf) for __fpl_fnaninf
    f2d.o(x$fpl$f2d) refers to dretinf.o(x$fpl$dretinf) for __fpl_dretinf
    faddsub_noclz.o(x$fpl$fadd) refers (Special) to usenofp.o(x$fpl$usenofp) for __I$use$fp
    faddsub_noclz.o(x$fpl$fadd) refers to faddsub_noclz.o(x$fpl$fsub) for _fsub1
    faddsub_noclz.o(x$fpl$fadd) refers to fretinf.o(x$fpl$fretinf) for __fpl_fretinf
    faddsub_noclz.o(x$fpl$fadd) refers to fnaninf.o(x$fpl$fnaninf) for __fpl_fnaninf
    faddsub_noclz.o(x$fpl$frsb) refers (Special) to usenofp.o(x$fpl$usenofp) for __I$use$fp
    faddsub_noclz.o(x$fpl$frsb) refers to faddsub_noclz.o(x$fpl$fadd) for _fadd1
    faddsub_noclz.o(x$fpl$frsb) refers to faddsub_noclz.o(x$fpl$fsub) for _fsub1
    faddsub_noclz.o(x$fpl$fsub) refers (Special) to usenofp.o(x$fpl$usenofp) for __I$use$fp
    faddsub_noclz.o(x$fpl$fsub) refers to faddsub_noclz.o(x$fpl$fadd) for _fadd1
    faddsub_noclz.o(x$fpl$fsub) refers to fnaninf.o(x$fpl$fnaninf) for __fpl_fnaninf
    ffix.o(x$fpl$ffix) refers (Special) to usenofp.o(x$fpl$usenofp) for __I$use$fp
    ffix.o(x$fpl$ffix) refers to fnaninf.o(x$fpl$fnaninf) for __fpl_fnaninf
    ffix.o(x$fpl$ffixr) refers (Special) to usenofp.o(x$fpl$usenofp) for __I$use$fp
    ffix.o(x$fpl$ffixr) refers to fnaninf.o(x$fpl$fnaninf) for __fpl_fnaninf
    ffixu.o(x$fpl$ffixu) refers (Special) to usenofp.o(x$fpl$usenofp) for __I$use$fp
    ffixu.o(x$fpl$ffixu) refers to fnaninf.o(x$fpl$fnaninf) for __fpl_fnaninf
    ffixu.o(x$fpl$ffixur) refers (Special) to usenofp.o(x$fpl$usenofp) for __I$use$fp
    ffixu.o(x$fpl$ffixur) refers to fnaninf.o(x$fpl$fnaninf) for __fpl_fnaninf
    fflt_noclz.o(x$fpl$ffltu) refers (Special) to usenofp.o(x$fpl$usenofp) for __I$use$fp
    fflt_noclz.o(x$fpl$ffltu) refers to fflt_noclz.o(x$fpl$fflt) for __fflt_normalise
    fflt_noclz.o(x$fpl$fflt) refers (Special) to usenofp.o(x$fpl$usenofp) for __I$use$fp
    fmul.o(x$fpl$fmul) refers (Special) to usenofp.o(x$fpl$usenofp) for __I$use$fp
    fmul.o(x$fpl$fmul) refers to fretinf.o(x$fpl$fretinf) for __fpl_fretinf
    fmul.o(x$fpl$fmul) refers to fnaninf.o(x$fpl$fnaninf) for __fpl_fnaninf
    rtentry.o(.ARM.Collect$$rtentry$$00000000) refers (Special) to rtentry2.o(.ARM.Collect$$rtentry$$0000000A) for __rt_entry_li
    rtentry.o(.ARM.Collect$$rtentry$$00000000) refers (Special) to rtentry2.o(.ARM.Collect$$rtentry$$0000000D) for __rt_entry_main
    rtentry.o(.ARM.Collect$$rtentry$$00000000) refers (Special) to rtentry2.o(.ARM.Collect$$rtentry$$0000000C) for __rt_entry_postli_1
    rtentry.o(.ARM.Collect$$rtentry$$00000000) refers (Special) to rtentry2.o(.ARM.Collect$$rtentry$$00000009) for __rt_entry_postsh_1
    rtentry.o(.ARM.Collect$$rtentry$$00000000) refers (Special) to rtentry2.o(.ARM.Collect$$rtentry$$00000002) for __rt_entry_presh_1
    rtentry.o(.ARM.Collect$$rtentry$$00000000) refers (Special) to rtentry4.o(.ARM.Collect$$rtentry$$00000004) for __rt_entry_sh
    rtentry.o(.ARM.exidx) refers (Special) to rtentry2.o(.ARM.Collect$$rtentry$$0000000A) for __rt_entry_li
    rtentry.o(.ARM.exidx) refers (Special) to rtentry2.o(.ARM.Collect$$rtentry$$0000000D) for __rt_entry_main
    rtentry.o(.ARM.exidx) refers (Special) to rtentry2.o(.ARM.Collect$$rtentry$$0000000C) for __rt_entry_postli_1
    rtentry.o(.ARM.exidx) refers (Special) to rtentry2.o(.ARM.Collect$$rtentry$$00000009) for __rt_entry_postsh_1
    rtentry.o(.ARM.exidx) refers (Special) to rtentry2.o(.ARM.Collect$$rtentry$$00000002) for __rt_entry_presh_1
    rtentry.o(.ARM.exidx) refers (Special) to rtentry4.o(.ARM.Collect$$rtentry$$00000004) for __rt_entry_sh
    rtentry.o(.ARM.exidx) refers to rtentry.o(.ARM.Collect$$rtentry$$00000000) for .ARM.Collect$$rtentry$$00000000
    aeabi_idiv0_sigfpe.o(.text) refers to rt_div0.o(.text) for __rt_div0
    dcmpi.o(x$fpl$dcmpinf) refers (Special) to usenofp.o(x$fpl$usenofp) for __I$use$fp
    dnaninf.o(x$fpl$dnaninf) refers (Special) to usenofp.o(x$fpl$usenofp) for __I$use$fp
    dretinf.o(x$fpl$dretinf) refers (Special) to usenofp.o(x$fpl$usenofp) for __I$use$fp
    fnaninf.o(x$fpl$fnaninf) refers (Special) to usenofp.o(x$fpl$usenofp) for __I$use$fp
    fretinf.o(x$fpl$fretinf) refers (Special) to usenofp.o(x$fpl$usenofp) for __I$use$fp
    rtentry2.o(.ARM.Collect$$rtentry$$00000008) refers to boardinit2.o(.text) for _platform_post_stackheap_init
    rtentry2.o(.ARM.Collect$$rtentry$$0000000A) refers to libinit.o(.ARM.Collect$$libinit$$00000000) for __rt_lib_init
    rtentry2.o(.ARM.Collect$$rtentry$$0000000B) refers to boardinit3.o(.text) for _platform_post_lib_init
    rtentry2.o(.ARM.Collect$$rtentry$$0000000D) refers to exit.o(.text) for exit
    rtentry2.o(.ARM.Collect$$rtentry$$0000000D) refers to mainfile.o(.text) for main
    rtentry2.o(.ARM.exidx) refers to rtentry2.o(.ARM.Collect$$rtentry$$00000001) for .ARM.Collect$$rtentry$$00000001
    rtentry2.o(.ARM.exidx) refers to rtentry2.o(.ARM.Collect$$rtentry$$00000002) for .ARM.Collect$$rtentry$$00000002
    rtentry2.o(.ARM.exidx) refers to rtentry2.o(.ARM.Collect$$rtentry$$00000008) for .ARM.Collect$$rtentry$$00000008
    rtentry2.o(.ARM.exidx) refers to rtentry2.o(.ARM.Collect$$rtentry$$00000009) for .ARM.Collect$$rtentry$$00000009
    rtentry2.o(.ARM.exidx) refers to rtentry2.o(.ARM.Collect$$rtentry$$0000000A) for .ARM.Collect$$rtentry$$0000000A
    rtentry2.o(.ARM.exidx) refers to rtentry2.o(.ARM.Collect$$rtentry$$0000000B) for .ARM.Collect$$rtentry$$0000000B
    rtentry2.o(.ARM.exidx) refers to rtentry2.o(.ARM.Collect$$rtentry$$0000000C) for .ARM.Collect$$rtentry$$0000000C
    rtentry2.o(.ARM.exidx) refers to rtentry2.o(.ARM.Collect$$rtentry$$0000000D) for .ARM.Collect$$rtentry$$0000000D
    rtentry4.o(.ARM.Collect$$rtentry$$00000004) refers to sys_stackheap_outer.o(.text) for __user_setup_stackheap
    rtentry4.o(.ARM.exidx) refers to rtentry4.o(.ARM.Collect$$rtentry$$00000004) for .ARM.Collect$$rtentry$$00000004
    rt_div0.o(.text) refers to defsig_fpe_outer.o(.text) for __rt_SIGFPE
    sys_stackheap_outer.o(.text) refers to libspace.o(.text) for __user_perproc_libspace
    sys_stackheap_outer.o(.text) refers to startup.o(.text) for __user_initial_stackheap
    exit.o(.text) refers to rtexit.o(.ARM.Collect$$rtexit$$00000000) for __rt_exit
    defsig_fpe_outer.o(.text) refers to defsig_fpe_inner.o(.text) for __rt_SIGFPE_inner
    defsig_fpe_outer.o(.text) refers to defsig_exit.o(.text) for __sig_exit
    defsig_fpe_formal.o(.text) refers to rt_raise.o(.text) for __rt_raise
    libinit.o(.ARM.Collect$$libinit$$00000000) refers (Special) to libinit2.o(.ARM.Collect$$libinit$$0000002A) for __rt_lib_init_alloca_1
    libinit.o(.ARM.Collect$$libinit$$00000000) refers (Special) to libinit2.o(.ARM.Collect$$libinit$$00000028) for __rt_lib_init_argv_1
    libinit.o(.ARM.Collect$$libinit$$00000000) refers (Special) to libinit2.o(.ARM.Collect$$libinit$$00000017) for __rt_lib_init_atexit_1
    libinit.o(.ARM.Collect$$libinit$$00000000) refers (Special) to libinit2.o(.ARM.Collect$$libinit$$0000001D) for __rt_lib_init_clock_1
    libinit.o(.ARM.Collect$$libinit$$00000000) refers (Special) to libinit2.o(.ARM.Collect$$libinit$$0000002E) for __rt_lib_init_cpp_1
    libinit.o(.ARM.Collect$$libinit$$00000000) refers (Special) to libinit2.o(.ARM.Collect$$libinit$$0000002C) for __rt_lib_init_exceptions_1
    libinit.o(.ARM.Collect$$libinit$$00000000) refers (Special) to libinit2.o(.ARM.Collect$$libinit$$0000001B) for __rt_lib_init_fp_trap_1
    libinit.o(.ARM.Collect$$libinit$$00000000) refers (Special) to libinit2.o(.ARM.Collect$$libinit$$0000001F) for __rt_lib_init_getenv_1
    libinit.o(.ARM.Collect$$libinit$$00000000) refers (Special) to libinit2.o(.ARM.Collect$$libinit$$00000006) for __rt_lib_init_heap_1
    libinit.o(.ARM.Collect$$libinit$$00000000) refers (Special) to libinit2.o(.ARM.Collect$$libinit$$0000000D) for __rt_lib_init_lc_collate_1
    libinit.o(.ARM.Collect$$libinit$$00000000) refers (Special) to libinit2.o(.ARM.Collect$$libinit$$0000000F) for __rt_lib_init_lc_ctype_1
    libinit.o(.ARM.Collect$$libinit$$00000000) refers (Special) to libinit2.o(.ARM.Collect$$libinit$$00000011) for __rt_lib_init_lc_monetary_1
    libinit.o(.ARM.Collect$$libinit$$00000000) refers (Special) to libinit2.o(.ARM.Collect$$libinit$$00000013) for __rt_lib_init_lc_numeric_1
    libinit.o(.ARM.Collect$$libinit$$00000000) refers (Special) to libinit2.o(.ARM.Collect$$libinit$$00000015) for __rt_lib_init_lc_time_1
    libinit.o(.ARM.Collect$$libinit$$00000000) refers (Special) to libinit2.o(.ARM.Collect$$libinit$$0000000A) for __rt_lib_init_rand_1
    libinit.o(.ARM.Collect$$libinit$$00000000) refers (Special) to libinit2.o(.ARM.Collect$$libinit$$0000002F) for __rt_lib_init_return
    libinit.o(.ARM.Collect$$libinit$$00000000) refers (Special) to libinit2.o(.ARM.Collect$$libinit$$00000019) for __rt_lib_init_signal_1
    libinit.o(.ARM.Collect$$libinit$$00000000) refers (Special) to libinit2.o(.ARM.Collect$$libinit$$00000021) for __rt_lib_init_stdio_1
    libinit.o(.ARM.Collect$$libinit$$00000000) refers (Special) to libinit2.o(.ARM.Collect$$libinit$$00000008) for __rt_lib_init_user_alloc_1
    libinit.o(.ARM.Collect$$libinit$$00000000) refers to fpinit.o(x$fpl$fpinit) for _fp_init
    libspace.o(.text) refers to libspace.o(.bss) for __libspace_start
    rtexit.o(.ARM.Collect$$rtexit$$00000000) refers (Special) to rtexit2.o(.ARM.Collect$$rtexit$$00000004) for __rt_exit_exit
    rtexit.o(.ARM.Collect$$rtexit$$00000000) refers (Special) to rtexit2.o(.ARM.Collect$$rtexit$$00000003) for __rt_exit_ls
    rtexit.o(.ARM.Collect$$rtexit$$00000000) refers (Special) to rtexit2.o(.ARM.Collect$$rtexit$$00000002) for __rt_exit_prels_1
    rtexit.o(.ARM.exidx) refers (Special) to rtexit2.o(.ARM.Collect$$rtexit$$00000004) for __rt_exit_exit
    rtexit.o(.ARM.exidx) refers (Special) to rtexit2.o(.ARM.Collect$$rtexit$$00000003) for __rt_exit_ls
    rtexit.o(.ARM.exidx) refers (Special) to rtexit2.o(.ARM.Collect$$rtexit$$00000002) for __rt_exit_prels_1
    rtexit.o(.ARM.exidx) refers to rtexit.o(.ARM.Collect$$rtexit$$00000000) for .ARM.Collect$$rtexit$$00000000
    rt_raise.o(.text) refers to __raise.o(.text) for __raise
    rt_raise.o(.text) refers to sys_exit.o(.text) for _sys_exit
    defsig_exit.o(.text) refers to sys_exit.o(.text) for _sys_exit
    defsig_fpe_inner.o(.text) refers to defsig_general.o(.text) for __default_signal_display
    libinit2.o(.ARM.Collect$$libinit$$0000000C) refers to libinit2.o(.ARM.Collect$$libinit$$0000000B) for .ARM.Collect$$libinit$$0000000B
    libinit2.o(.ARM.Collect$$libinit$$0000000E) refers to libinit2.o(.ARM.Collect$$libinit$$0000000B) for .ARM.Collect$$libinit$$0000000B
    libinit2.o(.ARM.Collect$$libinit$$00000010) refers to libinit2.o(.ARM.Collect$$libinit$$0000000B) for .ARM.Collect$$libinit$$0000000B
    libinit2.o(.ARM.Collect$$libinit$$00000012) refers to libinit2.o(.ARM.Collect$$libinit$$0000000B) for .ARM.Collect$$libinit$$0000000B
    libinit2.o(.ARM.Collect$$libinit$$00000014) refers to libinit2.o(.ARM.Collect$$libinit$$0000000B) for .ARM.Collect$$libinit$$0000000B
    libinit2.o(.ARM.Collect$$libinit$$00000022) refers to argv_veneer.o(.emb_text) for __ARM_argv_veneer
    libinit2.o(.ARM.Collect$$libinit$$00000023) refers to argv_veneer.o(.emb_text) for __ARM_argv_veneer
    fpinit.o(x$fpl$fpinit) refers to rt_fp_status_addr_intlibspace.o(.text) for __rt_fp_status_addr
    sys_exit.o(.text) refers (Special) to use_no_semi.o(.text) for __I$use$semihosting
    rtexit2.o(.ARM.Collect$$rtexit$$00000003) refers to libshutdown.o(.ARM.Collect$$libshutdown$$00000000) for __rt_lib_shutdown
    rtexit2.o(.ARM.Collect$$rtexit$$00000004) refers to sys_exit.o(.text) for _sys_exit
    rtexit2.o(.ARM.exidx) refers to rtexit2.o(.ARM.Collect$$rtexit$$00000001) for .ARM.Collect$$rtexit$$00000001
    rtexit2.o(.ARM.exidx) refers to rtexit2.o(.ARM.Collect$$rtexit$$00000002) for .ARM.Collect$$rtexit$$00000002
    rtexit2.o(.ARM.exidx) refers to rtexit2.o(.ARM.Collect$$rtexit$$00000003) for .ARM.Collect$$rtexit$$00000003
    rtexit2.o(.ARM.exidx) refers to rtexit2.o(.ARM.Collect$$rtexit$$00000004) for .ARM.Collect$$rtexit$$00000004
    rt_fp_status_addr.o(.text) refers to rt_fp_status_addr.o(.bss) for __rt_fp_status_addr_data
    rt_fp_status_addr_intlibspace.o(.text) refers to libspace.o(.bss) for __libspace_start
    __raise.o(.text) refers to __raise.o(i.__ARM_common_call_via_r2) for __ARM_common_call_via_r2
    __raise.o(.text) refers to defsig.o(CL$$defsig) for __default_signal_handler
    defsig_general.o(.text) refers to sys_wrch.o(.text) for _ttywrch
    argv_veneer.o(.emb_text) refers to no_argv.o(.text) for __ARM_get_argv
    sys_wrch.o(.text) refers (Special) to use_no_semi.o(.text) for __I$use$semihosting
    defsig.o(CL$$defsig) refers to defsig_fpe_inner.o(.text) for __rt_SIGFPE_inner
    defsig.o(CL$$defsig) refers to defsig_rtmem_inner.o(.text) for __rt_SIGRTMEM_inner
    _get_argv_nomalloc.o(.text) refers (Special) to hrguard.o(.text) for __heap_region$guard
    _get_argv_nomalloc.o(.text) refers to defsig_rtmem_outer.o(.text) for __rt_SIGRTMEM
    _get_argv_nomalloc.o(.text) refers to sys_command.o(.text) for _sys_command_string
    libshutdown.o(.ARM.Collect$$libshutdown$$00000000) refers (Special) to libshutdown2.o(.ARM.Collect$$libshutdown$$00000006) for __rt_lib_shutdown_fp_trap_1
    libshutdown.o(.ARM.Collect$$libshutdown$$00000000) refers (Special) to libshutdown2.o(.ARM.Collect$$libshutdown$$0000000E) for __rt_lib_shutdown_heap_1
    libshutdown.o(.ARM.Collect$$libshutdown$$00000000) refers (Special) to libshutdown2.o(.ARM.Collect$$libshutdown$$0000000F) for __rt_lib_shutdown_return
    libshutdown.o(.ARM.Collect$$libshutdown$$00000000) refers (Special) to libshutdown2.o(.ARM.Collect$$libshutdown$$00000009) for __rt_lib_shutdown_signal_1
    libshutdown.o(.ARM.Collect$$libshutdown$$00000000) refers (Special) to libshutdown2.o(.ARM.Collect$$libshutdown$$00000003) for __rt_lib_shutdown_stdio_1
    libshutdown.o(.ARM.Collect$$libshutdown$$00000000) refers (Special) to libshutdown2.o(.ARM.Collect$$libshutdown$$0000000B) for __rt_lib_shutdown_user_alloc_1
    sys_command.o(.text) refers (Special) to use_no_semi.o(.text) for __I$use$semihosting
    defsig_abrt_inner.o(.text) refers to defsig_general.o(.text) for __default_signal_display
    defsig_rtred_inner.o(.text) refers to defsig_general.o(.text) for __default_signal_display
    defsig_rtmem_inner.o(.text) refers to defsig_general.o(.text) for __default_signal_display
    defsig_rtmem_outer.o(.text) refers to defsig_rtmem_inner.o(.text) for __rt_SIGRTMEM_inner
    defsig_rtmem_outer.o(.text) refers to defsig_exit.o(.text) for __sig_exit
    defsig_rtmem_formal.o(.text) refers to rt_raise.o(.text) for __rt_raise
    defsig_stak_inner.o(.text) refers to defsig_general.o(.text) for __default_signal_display
    defsig_pvfn_inner.o(.text) refers to defsig_general.o(.text) for __default_signal_display
    defsig_cppl_inner.o(.text) refers to defsig_general.o(.text) for __default_signal_display
    defsig_segv_inner.o(.text) refers to defsig_general.o(.text) for __default_signal_display
    defsig_other.o(.text) refers to defsig_general.o(.text) for __default_signal_display


==============================================================================

Adding Veneers to the image

    Adding AT veneer (8 bytes, Inline) for call to '__rt_lib_init' from rtentry2.o(.ARM.Collect$$rtentry$$0000000A).
    Adding AT veneer (8 bytes, Inline) for call to '__rt_lib_shutdown' from rtexit2.o(.ARM.Collect$$rtexit$$00000003).
    Adding TA veneer (4 bytes, Inline) for call to '__rt_exit' from exit.o(.text).
    Adding AT veneer (8 bytes, Inline) for call to 'strstr' from esp01.o(.text).
    Adding AT veneer (8 bytes, Inline) for call to '_sys_exit' from rtexit2.o(.ARM.Collect$$rtexit$$00000004).
    Adding TA veneer (4 bytes, Inline) for call to '_fp_init' from libinit.o(.ARM.Collect$$libinit$$00000000).

6 Veneer(s) (total 40 bytes) added to the image.

==============================================================================

Image Symbol Table

    Local Symbols

    Symbol Name                              Value     Ov Type        Size  Object(Section)

    RESET                                    0x00000000   Section      272  startup.o(RESET)
    ../../angel/boardlib.s                   0x00000000   Number         0  boardshut.o ABSOLUTE
    ../../angel/boardlib.s                   0x00000000   Number         0  boardinit1.o ABSOLUTE
    ../../angel/boardlib.s                   0x00000000   Number         0  boardinit2.o ABSOLUTE
    ../../angel/boardlib.s                   0x00000000   Number         0  boardinit3.o ABSOLUTE
    ../../angel/handlers.s                   0x00000000   Number         0  __scatter_copy.o ABSOLUTE
    ../../angel/handlers.s                   0x00000000   Number         0  __scatter_zi.o ABSOLUTE
    ../../angel/kernel.s                     0x00000000   Number         0  rtentry4.o ABSOLUTE
    ../../angel/kernel.s                     0x00000000   Number         0  rtentry.o ABSOLUTE
    ../../angel/kernel.s                     0x00000000   Number         0  rtentry2.o ABSOLUTE
    ../../angel/kernel.s                     0x00000000   Number         0  rtexit.o ABSOLUTE
    ../../angel/kernel.s                     0x00000000   Number         0  rtexit2.o ABSOLUTE
    ../../angel/rt.s                         0x00000000   Number         0  rt_div0.o ABSOLUTE
    ../../angel/rt.s                         0x00000000   Number         0  rt_fp_status_addr.o ABSOLUTE
    ../../angel/rt.s                         0x00000000   Number         0  aeabi_idiv0.o ABSOLUTE
    ../../angel/rt.s                         0x00000000   Number         0  aeabi_idiv0_sigfpe.o ABSOLUTE
    ../../angel/rt.s                         0x00000000   Number         0  rt_fp_status_addr_intlibspace.o ABSOLUTE
    ../../angel/rt.s                         0x00000000   Number         0  rt_raise.o ABSOLUTE
    ../../angel/scatter.s                    0x00000000   Number         0  __scatter.o ABSOLUTE
    ../../angel/startup.s                    0x00000000   Number         0  __main.o ABSOLUTE
    ../../angel/sys.s                        0x00000000   Number         0  sys_stackheap_outer.o ABSOLUTE
    ../../angel/sys.s                        0x00000000   Number         0  use_no_semi.o ABSOLUTE
    ../../angel/sys.s                        0x00000000   Number         0  libspace.o ABSOLUTE
    ../../angel/sysapp.c                     0x00000000   Number         0  sys_command.o ABSOLUTE
    ../../angel/sysapp.c                     0x00000000   Number         0  sys_exit.o ABSOLUTE
    ../../angel/sysapp.c                     0x00000000   Number         0  sys_wrch.o ABSOLUTE
    ../../armsys.c                           0x00000000   Number         0  _get_argv_nomalloc.o ABSOLUTE
    ../../armsys.c                           0x00000000   Number         0  no_argv.o ABSOLUTE
    ../../armsys.c                           0x00000000   Number         0  argv_veneer.o ABSOLUTE
    ../../armsys.c                           0x00000000   Number         0  argv_veneer.o ABSOLUTE
    ../../dcmpi.s                            0x00000000   Number         0  dcmpi.o ABSOLUTE
    ../../division.s                         0x00000000   Number         0  aeabi_sdiv.o ABSOLUTE
    ../../division.s                         0x00000000   Number         0  aeabi_sdiv_div0.o ABSOLUTE
    ../../divrt.s                            0x00000000   Number         0  divrt_7tdmi.o ABSOLUTE
    ../../divrt.s                            0x00000000   Number         0  divrt_7tdmi_div0.o ABSOLUTE
    ../../dleqf.s                            0x00000000   Number         0  dleqf.o ABSOLUTE
    ../../dnaninf.s                          0x00000000   Number         0  dnaninf.o ABSOLUTE
    ../../dretinf.s                          0x00000000   Number         0  dretinf.o ABSOLUTE
    ../../f2d.s                              0x00000000   Number         0  f2d.o ABSOLUTE
    ../../faddsub.s                          0x00000000   Number         0  faddsub_noclz.o ABSOLUTE
    ../../ffix.s                             0x00000000   Number         0  ffix.o ABSOLUTE
    ../../ffixu.s                            0x00000000   Number         0  ffixu.o ABSOLUTE
    ../../fflt.s                             0x00000000   Number         0  fflt_noclz.o ABSOLUTE
    ../../fmul.s                             0x00000000   Number         0  fmul.o ABSOLUTE
    ../../fnaninf.s                          0x00000000   Number         0  fnaninf.o ABSOLUTE
    ../../fpinit.s                           0x00000000   Number         0  fpinit.o ABSOLUTE
    ../../fretinf.s                          0x00000000   Number         0  fretinf.o ABSOLUTE
    ../../heapalloc.c                        0x00000000   Number         0  hrguard.o ABSOLUTE
    ../../heapaux.c                          0x00000000   Number         0  heapauxi.o ABSOLUTE
    ../../libinit.s                          0x00000000   Number         0  libshutdown.o ABSOLUTE
    ../../libinit.s                          0x00000000   Number         0  libinit2.o ABSOLUTE
    ../../libinit.s                          0x00000000   Number         0  libinit.o ABSOLUTE
    ../../libinit.s                          0x00000000   Number         0  libshutdown2.o ABSOLUTE
    ../../memcpset.s                         0x00000000   Number         0  rt_memclr_w.o ABSOLUTE
    ../../memcpset.s                         0x00000000   Number         0  rt_memclr.o ABSOLUTE
    ../../signal.c                           0x00000000   Number         0  defsig_abrt_inner.o ABSOLUTE
    ../../signal.c                           0x00000000   Number         0  defsig_exit.o ABSOLUTE
    ../../signal.c                           0x00000000   Number         0  defsig_other.o ABSOLUTE
    ../../signal.c                           0x00000000   Number         0  defsig_general.o ABSOLUTE
    ../../signal.c                           0x00000000   Number         0  defsig_rtmem_formal.o ABSOLUTE
    ../../signal.c                           0x00000000   Number         0  __raise.o ABSOLUTE
    ../../signal.c                           0x00000000   Number         0  defsig_stak_inner.o ABSOLUTE
    ../../signal.c                           0x00000000   Number         0  defsig_pvfn_inner.o ABSOLUTE
    ../../signal.c                           0x00000000   Number         0  defsig_rtmem_outer.o ABSOLUTE
    ../../signal.c                           0x00000000   Number         0  defsig_cppl_inner.o ABSOLUTE
    ../../signal.c                           0x00000000   Number         0  defsig_segv_inner.o ABSOLUTE
    ../../signal.c                           0x00000000   Number         0  defsig_fpe_formal.o ABSOLUTE
    ../../signal.c                           0x00000000   Number         0  defsig_rtmem_inner.o ABSOLUTE
    ../../signal.c                           0x00000000   Number         0  defsig_fpe_outer.o ABSOLUTE
    ../../signal.c                           0x00000000   Number         0  defsig_rtred_inner.o ABSOLUTE
    ../../signal.c                           0x00000000   Number         0  defsig_fpe_inner.o ABSOLUTE
    ../../signal.s                           0x00000000   Number         0  defsig.o ABSOLUTE
    ../../stdlib.c                           0x00000000   Number         0  exit.o ABSOLUTE
    ../../string.c                           0x00000000   Number         0  strstr.o ABSOLUTE
    ../../usenofp.s                          0x00000000   Number         0  usenofp.o ABSOLUTE
    Startup.s                                0x00000000   Number         0  startup.o ABSOLUTE
    dc.s                                     0x00000000   Number         0  dc.o ABSOLUTE
    delay.c                                  0x00000000   Number         0  delay.o ABSOLUTE
    dht11.c                                  0x00000000   Number         0  dht11.o ABSOLUTE
    dht11_eeprom.c                           0x00000000   Number         0  dht11_eeprom.o ABSOLUTE
    eint0.c                                  0x00000000   Number         0  eint0.o ABSOLUTE
    esp01.c                                  0x00000000   Number         0  esp01.o ABSOLUTE
    i2c.c                                    0x00000000   Number         0  i2c.o ABSOLUTE
    i2c_eeprom.c                             0x00000000   Number         0  i2c_eeprom.o ABSOLUTE
    i2c_peripheral.c                         0x00000000   Number         0  i2c_peripheral.o ABSOLUTE
    interrupts.c                             0x00000000   Number         0  interrupts.o ABSOLUTE
    kpm.c                                    0x00000000   Number         0  kpm.o ABSOLUTE
    lcd.c                                    0x00000000   Number         0  lcd.o ABSOLUTE
    mainFile.c                               0x00000000   Number         0  mainfile.o ABSOLUTE
    pin_connect_block.c                      0x00000000   Number         0  pin_connect_block.o ABSOLUTE
    rtc.c                                    0x00000000   Number         0  rtc.o ABSOLUTE
    rtc_based_cloud_updation.c               0x00000000   Number         0  rtc_based_cloud_updation.o ABSOLUTE
    setPointAction.c                         0x00000000   Number         0  setpointaction.o ABSOLUTE
    uart0.c                                  0x00000000   Number         0  uart0.o ABSOLUTE
    Undef_Handler                            0x00000040   ARM Code       4  startup.o(RESET)
    SWI_Handler                              0x00000044   ARM Code       4  startup.o(RESET)
    PAbt_Handler                             0x00000048   ARM Code       4  startup.o(RESET)
    DAbt_Handler                             0x0000004c   ARM Code       4  startup.o(RESET)
    IRQ_Handler                              0x00000050   ARM Code       4  startup.o(RESET)
    FIQ_Handler                              0x00000054   ARM Code       4  startup.o(RESET)
    !!!main                                  0x00000110   Section        8  __main.o(!!!main)
    !!!scatter                               0x00000118   Section       60  __scatter.o(!!!scatter)
    !!handler_copy                           0x00000154   Section       40  __scatter_copy.o(!!handler_copy)
    !!handler_zi                             0x0000017c   Section       44  __scatter_zi.o(!!handler_zi)
    .ARM.Collect$$libinit$$00000000          0x000001b0   Section        6  libinit.o(.ARM.Collect$$libinit$$00000000)
    .ARM.Collect$$libinit$$00000006          0x000001b6   Section        0  libinit2.o(.ARM.Collect$$libinit$$00000006)
    .ARM.Collect$$libinit$$00000008          0x000001b6   Section        0  libinit2.o(.ARM.Collect$$libinit$$00000008)
    .ARM.Collect$$libinit$$0000000A          0x000001b6   Section        0  libinit2.o(.ARM.Collect$$libinit$$0000000A)
    .ARM.Collect$$libinit$$0000000D          0x000001b6   Section        0  libinit2.o(.ARM.Collect$$libinit$$0000000D)
    .ARM.Collect$$libinit$$0000000F          0x000001b6   Section        0  libinit2.o(.ARM.Collect$$libinit$$0000000F)
    .ARM.Collect$$libinit$$00000011          0x000001b6   Section        0  libinit2.o(.ARM.Collect$$libinit$$00000011)
    .ARM.Collect$$libinit$$00000013          0x000001b6   Section        0  libinit2.o(.ARM.Collect$$libinit$$00000013)
    .ARM.Collect$$libinit$$00000015          0x000001b6   Section        0  libinit2.o(.ARM.Collect$$libinit$$00000015)
    .ARM.Collect$$libinit$$00000017          0x000001b6   Section        0  libinit2.o(.ARM.Collect$$libinit$$00000017)
    .ARM.Collect$$libinit$$00000019          0x000001b6   Section        0  libinit2.o(.ARM.Collect$$libinit$$00000019)
    .ARM.Collect$$libinit$$0000001B          0x000001b6   Section        0  libinit2.o(.ARM.Collect$$libinit$$0000001B)
    .ARM.Collect$$libinit$$0000001D          0x000001b6   Section        0  libinit2.o(.ARM.Collect$$libinit$$0000001D)
    .ARM.Collect$$libinit$$0000001F          0x000001b6   Section        0  libinit2.o(.ARM.Collect$$libinit$$0000001F)
    .ARM.Collect$$libinit$$00000021          0x000001b6   Section        0  libinit2.o(.ARM.Collect$$libinit$$00000021)
    .ARM.Collect$$libinit$$00000028          0x000001b6   Section        0  libinit2.o(.ARM.Collect$$libinit$$00000028)
    .ARM.Collect$$libinit$$0000002A          0x000001b6   Section        0  libinit2.o(.ARM.Collect$$libinit$$0000002A)
    .ARM.Collect$$libinit$$0000002C          0x000001b6   Section        0  libinit2.o(.ARM.Collect$$libinit$$0000002C)
    .ARM.Collect$$libinit$$0000002E          0x000001b6   Section        0  libinit2.o(.ARM.Collect$$libinit$$0000002E)
    .ARM.Collect$$libinit$$0000002F          0x000001b6   Section       12  libinit2.o(.ARM.Collect$$libinit$$0000002F)
    .ARM.Collect$$libshutdown$$00000000      0x000001cc   Section        4  libshutdown.o(.ARM.Collect$$libshutdown$$00000000)
    .ARM.Collect$$libshutdown$$00000003      0x000001d0   Section        0  libshutdown2.o(.ARM.Collect$$libshutdown$$00000003)
    .ARM.Collect$$libshutdown$$00000006      0x000001d0   Section        0  libshutdown2.o(.ARM.Collect$$libshutdown$$00000006)
    .ARM.Collect$$libshutdown$$00000009      0x000001d0   Section        0  libshutdown2.o(.ARM.Collect$$libshutdown$$00000009)
    .ARM.Collect$$libshutdown$$0000000B      0x000001d0   Section        0  libshutdown2.o(.ARM.Collect$$libshutdown$$0000000B)
    .ARM.Collect$$libshutdown$$0000000E      0x000001d0   Section        0  libshutdown2.o(.ARM.Collect$$libshutdown$$0000000E)
    .ARM.Collect$$libshutdown$$0000000F      0x000001d0   Section        6  libshutdown2.o(.ARM.Collect$$libshutdown$$0000000F)
    .ARM.Collect$$rtentry$$00000000          0x000001d8   Section        0  rtentry.o(.ARM.Collect$$rtentry$$00000000)
    .ARM.Collect$$rtentry$$00000002          0x000001d8   Section        0  rtentry2.o(.ARM.Collect$$rtentry$$00000002)
    .ARM.Collect$$rtentry$$00000004          0x000001d8   Section        8  rtentry4.o(.ARM.Collect$$rtentry$$00000004)
    .ARM.Collect$$rtentry$$00000009          0x000001e0   Section        0  rtentry2.o(.ARM.Collect$$rtentry$$00000009)
    .ARM.Collect$$rtentry$$0000000A          0x000001e0   Section        4  rtentry2.o(.ARM.Collect$$rtentry$$0000000A)
    .ARM.Collect$$rtentry$$0000000C          0x000001e4   Section        0  rtentry2.o(.ARM.Collect$$rtentry$$0000000C)
    .ARM.Collect$$rtentry$$0000000D          0x000001e4   Section       40  rtentry2.o(.ARM.Collect$$rtentry$$0000000D)
    .ARM.Collect$$rtexit$$00000000           0x00000210   Section        4  rtexit.o(.ARM.Collect$$rtexit$$00000000)
    .ARM.Collect$$rtexit$$00000002           0x00000214   Section        0  rtexit2.o(.ARM.Collect$$rtexit$$00000002)
    .ARM.Collect$$rtexit$$00000003           0x00000214   Section        4  rtexit2.o(.ARM.Collect$$rtexit$$00000003)
    .ARM.Collect$$rtexit$$00000004           0x00000218   Section        8  rtexit2.o(.ARM.Collect$$rtexit$$00000004)
    .text                                    0x00000220   Section       32  startup.o(.text)
    .text                                    0x00000240   Section        0  uart0.o(.text)
    .text                                    0x000004a4   Section        0  delay.o(.text)
    .text                                    0x00000500   Section        0  esp01.o(.text)
    .text                                    0x00000e64   Section        0  lcd.o(.text)
    .text                                    0x0000114c   Section        0  dht11.o(.text)
    .text                                    0x000013a4   Section        0  dht11_eeprom.o(.text)
    .text                                    0x000014f8   Section        0  i2c.o(.text)
    .text                                    0x00001630   Section        0  i2c_eeprom.o(.text)
    .text                                    0x000017cc   Section        0  i2c_peripheral.o(.text)
    .text                                    0x00001814   Section        0  pin_connect_block.o(.text)
    .text                                    0x00001898   Section        0  mainfile.o(.text)
    .text                                    0x00001964   Section        0  rtc_based_cloud_updation.o(.text)
    .text                                    0x00001b68   Section        0  eint0.o(.text)
    .text                                    0x00001bd4   Section        0  interrupts.o(.text)
    .text                                    0x00001e5c   Section        0  kpm.o(.text)
    .text                                    0x00001f98   Section        0  rtc.o(.text)
    .text                                    0x00001fc8   Section        0  setpointaction.o(.text)
    .text                                    0x00001fec   Section        0  strstr.o(.text)
    .text                                    0x00002018   Section       64  rt_memclr.o(.text)
    .text                                    0x00002058   Section      384  aeabi_sdiv.o(.text)
    __arm_div8                               0x00002084   ARM Code       0  aeabi_sdiv.o(.text)
    __arm_div5                               0x000020a8   ARM Code       0  aeabi_sdiv.o(.text)
    __arm_div2                               0x000020cc   ARM Code       0  aeabi_sdiv.o(.text)
    __arm_div_large                          0x00002108   ARM Code       0  aeabi_sdiv.o(.text)
    .text                                    0x000021d8   Section        0  heapauxi.o(.text)
    .text                                    0x000021e0   Section       84  rt_memclr_w.o(.text)
    .text                                    0x00002234   Section       96  sys_stackheap_outer.o(.text)
    .text                                    0x00002294   Section        0  exit.o(.text)
    .text                                    0x000022a0   Section       12  libspace.o(.text)
    .text                                    0x000022b4   Section        0  sys_exit.o(.text)
    .text                                    0x000022c0   Section       16  rt_fp_status_addr_intlibspace.o(.text)
    .text                                    0x000022d0   Section        4  use_no_semi.o(.text)
    .text_udiv                               0x000022d4   Section       36  aeabi_sdiv.o(.text_udiv)
    x$fpl$dcmpinf                            0x000022f8   Section       28  dcmpi.o(x$fpl$dcmpinf)
    x$fpl$dleqf                              0x00002314   Section      148  dleqf.o(x$fpl$dleqf)
    x$fpl$dnaninf                            0x000023a8   Section      192  dnaninf.o(x$fpl$dnaninf)
    x$fpl$dretinf                            0x00002468   Section       16  dretinf.o(x$fpl$dretinf)
    x$fpl$f2d                                0x00002478   Section      100  f2d.o(x$fpl$f2d)
    x$fpl$fadd                               0x000024dc   Section      196  faddsub_noclz.o(x$fpl$fadd)
    _fadd1                                   0x000024e8   ARM Code       0  faddsub_noclz.o(x$fpl$fadd)
    x$fpl$ffix                               0x000025a0   Section       68  ffix.o(x$fpl$ffix)
    x$fpl$ffixu                              0x000025e4   Section       84  ffixu.o(x$fpl$ffixu)
    x$fpl$fflt                               0x00002638   Section       92  fflt_noclz.o(x$fpl$fflt)
    x$fpl$ffltu                              0x00002694   Section        8  fflt_noclz.o(x$fpl$ffltu)
    x$fpl$fmul                               0x0000269c   Section      256  fmul.o(x$fpl$fmul)
    x$fpl$fnaninf                            0x0000279c   Section      168  fnaninf.o(x$fpl$fnaninf)
    x$fpl$fpinit                             0x00002848   Section       24  fpinit.o(x$fpl$fpinit)
    x$fpl$fretinf                            0x00002860   Section       16  fretinf.o(x$fpl$fretinf)
    x$fpl$frsb                               0x00002870   Section       20  faddsub_noclz.o(x$fpl$frsb)
    x$fpl$fsub                               0x00002884   Section      304  faddsub_noclz.o(x$fpl$fsub)
    _fsub1                                   0x00002890   ARM Code       0  faddsub_noclz.o(x$fpl$fsub)
    x$fpl$usenofp                            0x000029b4   Section        0  usenofp.o(x$fpl$usenofp)
    .data                                    0x40000000   Section      204  uart0.o(.data)
    .data                                    0x400000cc   Section        1  dht11_eeprom.o(.data)
    .data                                    0x400000cd   Section        4  mainfile.o(.data)
    .data                                    0x400000d1   Section        3  rtc_based_cloud_updation.o(.data)
    .data                                    0x400000d4   Section        5  interrupts.o(.data)
    .data                                    0x400000dc   Section       64  kpm.o(.data)
    .bss                                     0x4000011c   Section       30  rtc_based_cloud_updation.o(.bss)
    str                                      0x4000011c   Data          10  rtc_based_cloud_updation.o(.bss)
    .bss                                     0x4000013c   Section       96  libspace.o(.bss)
    HEAP                                     0x400001a0   Section        0  startup.o(HEAP)
    STACK                                    0x400001a0   Section     1160  startup.o(STACK)
    Heap_Mem                                 0x400001a0   Data           0  startup.o(HEAP)
    Stack_Mem                                0x400001a0   Data        1024  startup.o(STACK)
    Stack_Top                                0x40000628   Data           0  startup.o(STACK)

    Global Symbols

    Symbol Name                              Value     Ov Type        Size  Object(Section)

    BuildAttributes$$THM_ISAv1$ARM_ISAv4$S$PE$A:L22$X:L11$S22$IEEE1$IW$USESV6$~STKCKD$USESV7$~SHL$OSPACE$ROPI$EBA8$UX$STANDARDLIB$REQ8$PRES8$EABIv2 0x00000000   Number         0  anon$$obj.o ABSOLUTE
    __ARM_use_no_argv                        0x00000000   Number         0  mainfile.o ABSOLUTE
    __ARM_exceptions_init                     - Undefined Weak Reference
    __alloca_initialize                       - Undefined Weak Reference
    __cpp_initialize__aeabi_                  - Undefined Weak Reference
    __cxa_finalize                            - Undefined Weak Reference
    __rt_locale                               - Undefined Weak Reference
    __sigvec_lookup                           - Undefined Weak Reference
    _atexit_init                              - Undefined Weak Reference
    _call_atexit_fns                          - Undefined Weak Reference
    _clock_init                               - Undefined Weak Reference
    _fp_trap_init                             - Undefined Weak Reference
    _fp_trap_shutdown                         - Undefined Weak Reference
    _get_lc_collate                           - Undefined Weak Reference
    _get_lc_ctype                             - Undefined Weak Reference
    _get_lc_monetary                          - Undefined Weak Reference
    _get_lc_numeric                           - Undefined Weak Reference
    _get_lc_time                              - Undefined Weak Reference
    _getenv_init                              - Undefined Weak Reference
    _handle_redirection                       - Undefined Weak Reference
    _init_alloc                               - Undefined Weak Reference
    _init_user_alloc                          - Undefined Weak Reference
    _initio                                   - Undefined Weak Reference
    _rand_init                                - Undefined Weak Reference
    _signal_finish                            - Undefined Weak Reference
    _signal_init                              - Undefined Weak Reference
    _terminate_alloc                          - Undefined Weak Reference
    _terminate_user_alloc                     - Undefined Weak Reference
    _terminateio                              - Undefined Weak Reference
    Reset_Handler                            0x00000058   ARM Code       0  startup.o(RESET)
    __main                                   0x00000110   ARM Code       8  __main.o(!!!main)
    __scatterload                            0x00000118   ARM Code       0  __scatter.o(!!!scatter)
    __scatterload_rt2                        0x00000118   ARM Code      52  __scatter.o(!!!scatter)
    __scatterload_null                       0x0000012c   ARM Code       0  __scatter.o(!!!scatter)
    __scatterload_copy                       0x00000154   ARM Code      40  __scatter_copy.o(!!handler_copy)
    __scatterload_zeroinit                   0x0000017c   ARM Code      44  __scatter_zi.o(!!handler_zi)
    Inline ARM to Thumb Veneer to __rt_lib_init 0x000001a8   ARM Code       8  libinit.o(.ARM.Collect$$libinit$$00000000)
    __rt_lib_init                            0x000001b1   Thumb Code     0  libinit.o(.ARM.Collect$$libinit$$00000000)
    __rt_lib_init_alloca_1                   0x000001b7   Thumb Code     0  libinit2.o(.ARM.Collect$$libinit$$0000002A)
    __rt_lib_init_argv_1                     0x000001b7   Thumb Code     0  libinit2.o(.ARM.Collect$$libinit$$00000028)
    __rt_lib_init_atexit_1                   0x000001b7   Thumb Code     0  libinit2.o(.ARM.Collect$$libinit$$00000017)
    __rt_lib_init_clock_1                    0x000001b7   Thumb Code     0  libinit2.o(.ARM.Collect$$libinit$$0000001D)
    __rt_lib_init_cpp_1                      0x000001b7   Thumb Code     0  libinit2.o(.ARM.Collect$$libinit$$0000002E)
    __rt_lib_init_exceptions_1               0x000001b7   Thumb Code     0  libinit2.o(.ARM.Collect$$libinit$$0000002C)
    __rt_lib_init_fp_trap_1                  0x000001b7   Thumb Code     0  libinit2.o(.ARM.Collect$$libinit$$0000001B)
    __rt_lib_init_getenv_1                   0x000001b7   Thumb Code     0  libinit2.o(.ARM.Collect$$libinit$$0000001F)
    __rt_lib_init_heap_1                     0x000001b7   Thumb Code     0  libinit2.o(.ARM.Collect$$libinit$$00000006)
    __rt_lib_init_lc_collate_1               0x000001b7   Thumb Code     0  libinit2.o(.ARM.Collect$$libinit$$0000000D)
    __rt_lib_init_lc_ctype_1                 0x000001b7   Thumb Code     0  libinit2.o(.ARM.Collect$$libinit$$0000000F)
    __rt_lib_init_lc_monetary_1              0x000001b7   Thumb Code     0  libinit2.o(.ARM.Collect$$libinit$$00000011)
    __rt_lib_init_lc_numeric_1               0x000001b7   Thumb Code     0  libinit2.o(.ARM.Collect$$libinit$$00000013)
    __rt_lib_init_lc_time_1                  0x000001b7   Thumb Code     0  libinit2.o(.ARM.Collect$$libinit$$00000015)
    __rt_lib_init_rand_1                     0x000001b7   Thumb Code     0  libinit2.o(.ARM.Collect$$libinit$$0000000A)
    __rt_lib_init_return                     0x000001b7   Thumb Code     0  libinit2.o(.ARM.Collect$$libinit$$0000002F)
    __rt_lib_init_signal_1                   0x000001b7   Thumb Code     0  libinit2.o(.ARM.Collect$$libinit$$00000019)
    __rt_lib_init_stdio_1                    0x000001b7   Thumb Code     0  libinit2.o(.ARM.Collect$$libinit$$00000021)
    __rt_lib_init_user_alloc_1               0x000001b7   Thumb Code     0  libinit2.o(.ARM.Collect$$libinit$$00000008)
    Inline ARM to Thumb Veneer to __rt_lib_shutdown 0x000001c4   ARM Code       8  libshutdown.o(.ARM.Collect$$libshutdown$$00000000)
    __rt_lib_shutdown                        0x000001cd   Thumb Code     0  libshutdown.o(.ARM.Collect$$libshutdown$$00000000)
    __rt_lib_shutdown_fp_trap_1              0x000001d1   Thumb Code     0  libshutdown2.o(.ARM.Collect$$libshutdown$$00000006)
    __rt_lib_shutdown_heap_1                 0x000001d1   Thumb Code     0  libshutdown2.o(.ARM.Collect$$libshutdown$$0000000E)
    __rt_lib_shutdown_return                 0x000001d1   Thumb Code     0  libshutdown2.o(.ARM.Collect$$libshutdown$$0000000F)
    __rt_lib_shutdown_signal_1               0x000001d1   Thumb Code     0  libshutdown2.o(.ARM.Collect$$libshutdown$$00000009)
    __rt_lib_shutdown_stdio_1                0x000001d1   Thumb Code     0  libshutdown2.o(.ARM.Collect$$libshutdown$$00000003)
    __rt_lib_shutdown_user_alloc_1           0x000001d1   Thumb Code     0  libshutdown2.o(.ARM.Collect$$libshutdown$$0000000B)
    __rt_entry                               0x000001d8   ARM Code       0  rtentry.o(.ARM.Collect$$rtentry$$00000000)
    __rt_entry_presh_1                       0x000001d8   ARM Code       0  rtentry2.o(.ARM.Collect$$rtentry$$00000002)
    __rt_entry_sh                            0x000001d8   ARM Code       0  rtentry4.o(.ARM.Collect$$rtentry$$00000004)
    __rt_entry_li                            0x000001e0   ARM Code       0  rtentry2.o(.ARM.Collect$$rtentry$$0000000A)
    __rt_entry_postsh_1                      0x000001e0   ARM Code       0  rtentry2.o(.ARM.Collect$$rtentry$$00000009)
    __rt_entry_main                          0x000001e4   ARM Code       0  rtentry2.o(.ARM.Collect$$rtentry$$0000000D)
    __rt_entry_postli_1                      0x000001e4   ARM Code       0  rtentry2.o(.ARM.Collect$$rtentry$$0000000C)
    Inline Thumb to ARM Veneer to __rt_exit  0x0000020d   Thumb Code     4  rtexit.o(.ARM.Collect$$rtexit$$00000000)
    __rt_exit                                0x00000210   ARM Code       0  rtexit.o(.ARM.Collect$$rtexit$$00000000)
    __rt_exit_ls                             0x00000214   ARM Code       0  rtexit2.o(.ARM.Collect$$rtexit$$00000003)
    __rt_exit_prels_1                        0x00000214   ARM Code       0  rtexit2.o(.ARM.Collect$$rtexit$$00000002)
    __rt_exit_exit                           0x00000218   ARM Code       0  rtexit2.o(.ARM.Collect$$rtexit$$00000004)
    __user_initial_stackheap                 0x00000220   ARM Code       0  startup.o(.text)
    UART0_isr                                0x00000240   ARM Code     132  uart0.o(.text)
    InitUART0                                0x000002c4   ARM Code     100  uart0.o(.text)
    UART0_Tx                                 0x00000328   ARM Code      32  uart0.o(.text)
    UART0_Rx                                 0x00000348   ARM Code      32  uart0.o(.text)
    UART0_Str                                0x00000368   ARM Code      40  uart0.o(.text)
    UART0_Int                                0x00000390   ARM Code     148  uart0.o(.text)
    UART0_Float                              0x00000424   ARM Code     100  uart0.o(.text)
    delayMS                                  0x000004a4   ARM Code      28  delay.o(.text)
    delayUS                                  0x000004c0   ARM Code      28  delay.o(.text)
    delayS                                   0x000004dc   ARM Code      28  delay.o(.text)
    esp01_connectAP                          0x00000500   ARM Code    1220  esp01.o(.text)
    esp01_sendToThingspeak                   0x000009c4   ARM Code    1120  esp01.o(.text)
    WriteLCD                                 0x00000e64   ARM Code      84  lcd.o(.text)
    cmdLCD                                   0x00000eb8   ARM Code      36  lcd.o(.text)
    Init_LCD                                 0x00000edc   ARM Code     124  lcd.o(.text)
    charLCD                                  0x00000f58   ARM Code      36  lcd.o(.text)
    strLCD                                   0x00000f7c   ARM Code      40  lcd.o(.text)
    u32LCD                                   0x00000fa4   ARM Code     128  lcd.o(.text)
    s32LCD                                   0x00001024   ARM Code      44  lcd.o(.text)
    f32LCD                                   0x00001050   ARM Code     168  lcd.o(.text)
    buildCGRAM                               0x000010f8   ARM Code      76  lcd.o(.text)
    dht11_request                            0x0000114c   ARM Code      76  dht11.o(.text)
    dht11_response                           0x00001198   ARM Code     104  dht11.o(.text)
    dht11_data                               0x00001200   ARM Code     144  dht11.o(.text)
    display_DHT11                            0x00001290   ARM Code     220  dht11.o(.text)
    store_DHT11_to_EEPROM                    0x000013a4   ARM Code     212  dht11_eeprom.o(.text)
    read_DHT11_record                        0x00001478   ARM Code      68  dht11_eeprom.o(.text)
    i2c_Start                                0x000014f8   ARM Code      52  i2c.o(.text)
    i2c_Stop                                 0x0000152c   ARM Code      24  i2c.o(.text)
    i2c_ReStart                              0x00001544   ARM Code      60  i2c.o(.text)
    i2c_Write                                0x00001580   ARM Code      48  i2c.o(.text)
    i2c_NAck                                 0x000015b0   ARM Code      56  i2c.o(.text)
    i2c_MAck                                 0x000015e8   ARM Code      68  i2c.o(.text)
    i2c_eeprom_byteWrite                     0x00001630   ARM Code      76  i2c_eeprom.o(.text)
    i2c_eeprom_randomRead                    0x0000167c   ARM Code      88  i2c_eeprom.o(.text)
    i2c_eeprom_pageWrite                     0x000016d4   ARM Code     104  i2c_eeprom.o(.text)
    i2c_eeprom_seqRead                       0x0000173c   ARM Code     144  i2c_eeprom.o(.text)
    Init_i2c                                 0x000017cc   ARM Code      68  i2c_peripheral.o(.text)
    cfgPortPinFunc                           0x00001814   ARM Code     128  pin_connect_block.o(.text)
    main                                     0x00001898   ARM Code     168  mainfile.o(.text)
    mystrlen                                 0x00001964   ARM Code      32  rtc_based_cloud_updation.o(.text)
    mystrev                                  0x00001984   ARM Code      72  rtc_based_cloud_updation.o(.text)
    convertToStr                             0x000019cc   ARM Code     164  rtc_based_cloud_updation.o(.text)
    mystrcpy                                 0x00001a70   ARM Code      48  rtc_based_cloud_updation.o(.text)
    updateToCloud                            0x00001aa0   ARM Code     172  rtc_based_cloud_updation.o(.text)
    eint0_isr                                0x00001b68   ARM Code      36  eint0.o(.text)
    Init_eint0                               0x00001b8c   ARM Code      68  eint0.o(.text)
    RTC_ISR                                  0x00001bd4   ARM Code     164  interrupts.o(.text)
    RTC_nmin_Alarm                           0x00001c78   ARM Code      84  interrupts.o(.text)
    interruptDisplay                         0x00001ccc   ARM Code     316  interrupts.o(.text)
    Init_KPM                                 0x00001e5c   ARM Code      24  kpm.o(.text)
    colScan                                  0x00001e74   ARM Code      40  kpm.o(.text)
    RowCheck                                 0x00001e9c   ARM Code     108  kpm.o(.text)
    ColCheck                                 0x00001f08   ARM Code      76  kpm.o(.text)
    KeyScan                                  0x00001f54   ARM Code      60  kpm.o(.text)
    Init_RTC                                 0x00001f98   ARM Code      40  rtc.o(.text)
    setPointAction                           0x00001fc8   ARM Code      24  setpointaction.o(.text)
    Inline ARM to Thumb Veneer to strstr     0x00001fe4   ARM Code       8  strstr.o(.text)
    strstr                                   0x00001fed   Thumb Code    42  strstr.o(.text)
    __aeabi_memclr                           0x00002018   ARM Code       0  rt_memclr.o(.text)
    __rt_memclr                              0x00002018   ARM Code      64  rt_memclr.o(.text)
    _memset                                  0x0000201c   ARM Code       0  rt_memclr.o(.text)
    __aeabi_idiv                             0x00002058   ARM Code       0  aeabi_sdiv.o(.text)
    __aeabi_idivmod                          0x00002058   ARM Code     384  aeabi_sdiv.o(.text)
    __use_two_region_memory                  0x000021d9   Thumb Code     2  heapauxi.o(.text)
    __rt_heap_escrow$2region                 0x000021db   Thumb Code     2  heapauxi.o(.text)
    __rt_heap_expand$2region                 0x000021dd   Thumb Code     2  heapauxi.o(.text)
    __aeabi_memclr4                          0x000021e0   ARM Code       0  rt_memclr_w.o(.text)
    __aeabi_memclr8                          0x000021e0   ARM Code       0  rt_memclr_w.o(.text)
    __rt_memclr_w                            0x000021e0   ARM Code      84  rt_memclr_w.o(.text)
    _memset_w                                0x000021e4   ARM Code       0  rt_memclr_w.o(.text)
    __user_setup_stackheap                   0x00002234   ARM Code      96  sys_stackheap_outer.o(.text)
    exit                                     0x00002295   Thumb Code    12  exit.o(.text)
    __user_libspace                          0x000022a0   ARM Code      12  libspace.o(.text)
    __user_perproc_libspace                  0x000022a0   ARM Code       0  libspace.o(.text)
    __user_perthread_libspace                0x000022a0   ARM Code       0  libspace.o(.text)
    Inline ARM to Thumb Veneer to _sys_exit  0x000022ac   ARM Code       8  sys_exit.o(.text)
    _sys_exit                                0x000022b5   Thumb Code     8  sys_exit.o(.text)
    __rt_fp_status_addr                      0x000022c0   ARM Code      16  rt_fp_status_addr_intlibspace.o(.text)
    __I$use$semihosting                      0x000022d0   ARM Code       0  use_no_semi.o(.text)
    __use_no_semihosting_swi                 0x000022d0   ARM Code       4  use_no_semi.o(.text)
    __aeabi_uidiv                            0x000022d4   ARM Code       0  aeabi_sdiv.o(.text_udiv)
    __aeabi_uidivmod                         0x000022d4   ARM Code      36  aeabi_sdiv.o(.text_udiv)
    __fpl_dcmp_Inf                           0x000022f8   ARM Code      28  dcmpi.o(x$fpl$dcmpinf)
    __aeabi_cdcmple                          0x00002314   ARM Code       0  dleqf.o(x$fpl$dleqf)
    _dcmple                                  0x00002314   ARM Code     148  dleqf.o(x$fpl$dleqf)
    __fpl_dcmple_InfNaN                      0x00002390   ARM Code       0  dleqf.o(x$fpl$dleqf)
    __fpl_dnaninf                            0x000023a8   ARM Code     192  dnaninf.o(x$fpl$dnaninf)
    __fpl_dretinf                            0x00002468   ARM Code      16  dretinf.o(x$fpl$dretinf)
    __aeabi_f2d                              0x00002478   ARM Code       0  f2d.o(x$fpl$f2d)
    _f2d                                     0x00002478   ARM Code     100  f2d.o(x$fpl$f2d)
    __aeabi_fadd                             0x000024dc   ARM Code       0  faddsub_noclz.o(x$fpl$fadd)
    _fadd                                    0x000024dc   ARM Code     196  faddsub_noclz.o(x$fpl$fadd)
    __aeabi_f2iz                             0x000025a0   ARM Code       0  ffix.o(x$fpl$ffix)
    _ffix                                    0x000025a0   ARM Code      68  ffix.o(x$fpl$ffix)
    __aeabi_f2uiz                            0x000025e4   ARM Code       0  ffixu.o(x$fpl$ffixu)
    _ffixu                                   0x000025e4   ARM Code      84  ffixu.o(x$fpl$ffixu)
    __aeabi_i2f                              0x00002638   ARM Code       0  fflt_noclz.o(x$fpl$fflt)
    _fflt                                    0x00002638   ARM Code      92  fflt_noclz.o(x$fpl$fflt)
    __fflt_normalise                         0x00002644   ARM Code       0  fflt_noclz.o(x$fpl$fflt)
    __aeabi_ui2f                             0x00002694   ARM Code       0  fflt_noclz.o(x$fpl$ffltu)
    _ffltu                                   0x00002694   ARM Code       8  fflt_noclz.o(x$fpl$ffltu)
    __aeabi_fmul                             0x0000269c   ARM Code       0  fmul.o(x$fpl$fmul)
    _fmul                                    0x0000269c   ARM Code     256  fmul.o(x$fpl$fmul)
    __fpl_fnaninf                            0x0000279c   ARM Code     168  fnaninf.o(x$fpl$fnaninf)
    Inline Thumb to ARM Veneer to _fp_init   0x00002845   Thumb Code     4  fpinit.o(x$fpl$fpinit)
    _fp_init                                 0x00002848   ARM Code      24  fpinit.o(x$fpl$fpinit)
    __fplib_config_pureend_doubles           0x00002858   ARM Code       0  fpinit.o(x$fpl$fpinit)
    __fpl_fretinf                            0x00002860   ARM Code      16  fretinf.o(x$fpl$fretinf)
    __aeabi_frsub                            0x00002870   ARM Code       0  faddsub_noclz.o(x$fpl$frsb)
    _frsb                                    0x00002870   ARM Code      20  faddsub_noclz.o(x$fpl$frsb)
    __aeabi_fsub                             0x00002884   ARM Code       0  faddsub_noclz.o(x$fpl$fsub)
    _fsub                                    0x00002884   ARM Code     304  faddsub_noclz.o(x$fpl$fsub)
    Region$$Table$$Base                      0x000029b4   Number         0  anon$$obj.o(Region$$Table)
    __I$use$fp                               0x000029b4   ARM Code       0  usenofp.o(x$fpl$usenofp)
    Region$$Table$$Limit                     0x000029d4   Number         0  anon$$obj.o(Region$$Table)
    buff                                     0x40000000   Data         200  uart0.o(.data)
    i                                        0x400000c8   Data           1  uart0.o(.data)
    dummy                                    0x400000c9   Data           1  uart0.o(.data)
    ch                                       0x400000ca   Data           1  uart0.o(.data)
    r_flag                                   0x400000cb   Data           1  uart0.o(.data)
    eeprom_index                             0x400000cc   Data           1  dht11_eeprom.o(.data)
    id                                       0x400000cd   Data           1  mainfile.o(.data)
    humidity                                 0x400000ce   Data           1  mainfile.o(.data)
    temperature                              0x400000cf   Data           1  mainfile.o(.data)
    response                                 0x400000d0   Data           1  mainfile.o(.data)
    ind                                      0x400000d1   Data           1  rtc_based_cloud_updation.o(.data)
    humid                                    0x400000d2   Data           1  rtc_based_cloud_updation.o(.data)
    temper                                   0x400000d3   Data           1  rtc_based_cloud_updation.o(.data)
    minute_count                             0x400000d4   Data           4  interrupts.o(.data)
    setPoint                                 0x400000d8   Data           1  interrupts.o(.data)
    kpmLUT                                   0x400000dc   Data          64  kpm.o(.data)
    hBuff                                    0x40000126   Data          10  rtc_based_cloud_updation.o(.bss)
    tBuff                                    0x40000130   Data          10  rtc_based_cloud_updation.o(.bss)
    __libspace_start                         0x4000013c   Data          96  libspace.o(.bss)
    __temporary_stack_top$libspace           0x4000019c   Data           0  libspace.o(.bss)



==============================================================================

Memory Map of the image

  Image Entry point : 0x00000110

  Load Region LR_IROM1 (Base: 0x00000000, Size: 0x00002af0, Max: 0x00080000, ABSOLUTE)

    Execution Region ER_IROM1 (Base: 0x00000000, Size: 0x000029d4, Max: 0x00080000, ABSOLUTE)

    Base Addr    Size         Type   Attr      Idx    E Section Name        Object

    0x00000000   0x00000110   Code   RO            3    RESET               startup.o
    0x00000110   0x00000008   Code   RO          346  * !!!main             c_t.l(__main.o)(c_t.l)
    0x00000118   0x0000003c   Code   RO          557    !!!scatter          c_t.l(__scatter.o)(c_t.l)
    0x00000154   0x00000028   Code   RO          559    !!handler_copy      c_t.l(__scatter_copy.o)(c_t.l)
    0x0000017c   0x0000002c   Code   RO          561    !!handler_zi        c_t.l(__scatter_zi.o)(c_t.l)
    0x000001a8   0x00000008   Ven    RO          425    .ARM.Collect$$libinit$$00000000  c_t.l(libinit.o)(c_t.l)
    0x000001b0   0x00000006   Code   RO          425    .ARM.Collect$$libinit$$00000000  c_t.l(libinit.o)(c_t.l)
    0x000001b6   0x00000000   Code   RO          439    .ARM.Collect$$libinit$$00000006  c_t.l(libinit2.o)(c_t.l)
    0x000001b6   0x00000000   Code   RO          441    .ARM.Collect$$libinit$$00000008  c_t.l(libinit2.o)(c_t.l)
    0x000001b6   0x00000000   Code   RO          443    .ARM.Collect$$libinit$$0000000A  c_t.l(libinit2.o)(c_t.l)
    0x000001b6   0x00000000   Code   RO          446    .ARM.Collect$$libinit$$0000000D  c_t.l(libinit2.o)(c_t.l)
    0x000001b6   0x00000000   Code   RO          448    .ARM.Collect$$libinit$$0000000F  c_t.l(libinit2.o)(c_t.l)
    0x000001b6   0x00000000   Code   RO          450    .ARM.Collect$$libinit$$00000011  c_t.l(libinit2.o)(c_t.l)
    0x000001b6   0x00000000   Code   RO          452    .ARM.Collect$$libinit$$00000013  c_t.l(libinit2.o)(c_t.l)
    0x000001b6   0x00000000   Code   RO          454    .ARM.Collect$$libinit$$00000015  c_t.l(libinit2.o)(c_t.l)
    0x000001b6   0x00000000   Code   RO          456    .ARM.Collect$$libinit$$00000017  c_t.l(libinit2.o)(c_t.l)
    0x000001b6   0x00000000   Code   RO          458    .ARM.Collect$$libinit$$00000019  c_t.l(libinit2.o)(c_t.l)
    0x000001b6   0x00000000   Code   RO          460    .ARM.Collect$$libinit$$0000001B  c_t.l(libinit2.o)(c_t.l)
    0x000001b6   0x00000000   Code   RO          462    .ARM.Collect$$libinit$$0000001D  c_t.l(libinit2.o)(c_t.l)
    0x000001b6   0x00000000   Code   RO          464    .ARM.Collect$$libinit$$0000001F  c_t.l(libinit2.o)(c_t.l)
    0x000001b6   0x00000000   Code   RO          466    .ARM.Collect$$libinit$$00000021  c_t.l(libinit2.o)(c_t.l)
    0x000001b6   0x00000000   Code   RO          470    .ARM.Collect$$libinit$$00000028  c_t.l(libinit2.o)(c_t.l)
    0x000001b6   0x00000000   Code   RO          472    .ARM.Collect$$libinit$$0000002A  c_t.l(libinit2.o)(c_t.l)
    0x000001b6   0x00000000   Code   RO          474    .ARM.Collect$$libinit$$0000002C  c_t.l(libinit2.o)(c_t.l)
    0x000001b6   0x00000000   Code   RO          476    .ARM.Collect$$libinit$$0000002E  c_t.l(libinit2.o)(c_t.l)
    0x000001b6   0x0000000c   Code   RO          477    .ARM.Collect$$libinit$$0000002F  c_t.l(libinit2.o)(c_t.l)
    0x000001c2   0x00000002   PAD
    0x000001c4   0x00000008   Ven    RO          515    .ARM.Collect$$libshutdown$$00000000  c_t.l(libshutdown.o)(c_t.l)
    0x000001cc   0x00000004   Code   RO          515    .ARM.Collect$$libshutdown$$00000000  c_t.l(libshutdown.o)(c_t.l)
    0x000001d0   0x00000000   Code   RO          542    .ARM.Collect$$libshutdown$$00000003  c_t.l(libshutdown2.o)(c_t.l)
    0x000001d0   0x00000000   Code   RO          545    .ARM.Collect$$libshutdown$$00000006  c_t.l(libshutdown2.o)(c_t.l)
    0x000001d0   0x00000000   Code   RO          548    .ARM.Collect$$libshutdown$$00000009  c_t.l(libshutdown2.o)(c_t.l)
    0x000001d0   0x00000000   Code   RO          550    .ARM.Collect$$libshutdown$$0000000B  c_t.l(libshutdown2.o)(c_t.l)
    0x000001d0   0x00000000   Code   RO          553    .ARM.Collect$$libshutdown$$0000000E  c_t.l(libshutdown2.o)(c_t.l)
    0x000001d0   0x00000006   Code   RO          554    .ARM.Collect$$libshutdown$$0000000F  c_t.l(libshutdown2.o)(c_t.l)
    0x000001d6   0x00000002   PAD
    0x000001d8   0x00000000   Code   RO          372    .ARM.Collect$$rtentry$$00000000  c_t.l(rtentry.o)(c_t.l)
    0x000001d8   0x00000000   Code   RO          392    .ARM.Collect$$rtentry$$00000002  c_t.l(rtentry2.o)(c_t.l)
    0x000001d8   0x00000008   Code   RO          407    .ARM.Collect$$rtentry$$00000004  c_t.l(rtentry4.o)(c_t.l)
    0x000001e0   0x00000000   Code   RO          394    .ARM.Collect$$rtentry$$00000009  c_t.l(rtentry2.o)(c_t.l)
    0x000001e0   0x00000004   Code   RO          395    .ARM.Collect$$rtentry$$0000000A  c_t.l(rtentry2.o)(c_t.l)
    0x000001e4   0x00000000   Code   RO          397    .ARM.Collect$$rtentry$$0000000C  c_t.l(rtentry2.o)(c_t.l)
    0x000001e4   0x00000028   Code   RO          398    .ARM.Collect$$rtentry$$0000000D  c_t.l(rtentry2.o)(c_t.l)
    0x0000020c   0x00000004   Ven    RO          429    .ARM.Collect$$rtexit$$00000000  c_t.l(rtexit.o)(c_t.l)
    0x00000210   0x00000004   Code   RO          429    .ARM.Collect$$rtexit$$00000000  c_t.l(rtexit.o)(c_t.l)
    0x00000214   0x00000000   Code   RO          483    .ARM.Collect$$rtexit$$00000002  c_t.l(rtexit2.o)(c_t.l)
    0x00000214   0x00000004   Code   RO          484    .ARM.Collect$$rtexit$$00000003  c_t.l(rtexit2.o)(c_t.l)
    0x00000218   0x00000008   Code   RO          485    .ARM.Collect$$rtexit$$00000004  c_t.l(rtexit2.o)(c_t.l)
    0x00000220   0x00000020   Code   RO            4    .text               startup.o
    0x00000240   0x00000264   Code   RO           11    .text               uart0.o
    0x000004a4   0x0000005c   Code   RO           33    .text               delay.o
    0x00000500   0x00000964   Code   RO           48    .text               esp01.o
    0x00000e64   0x000002e8   Code   RO           73    .text               lcd.o
    0x0000114c   0x00000258   Code   RO           91    .text               dht11.o
    0x000013a4   0x00000154   Code   RO          106    .text               dht11_eeprom.o
    0x000014f8   0x00000138   Code   RO          130    .text               i2c.o
    0x00001630   0x0000019c   Code   RO          145    .text               i2c_eeprom.o
    0x000017cc   0x00000048   Code   RO          160    .text               i2c_peripheral.o
    0x00001814   0x00000084   Code   RO          178    .text               pin_connect_block.o
    0x00001898   0x000000cc   Code   RO          190    .text               mainfile.o
    0x00001964   0x00000204   Code   RO          227    .text               rtc_based_cloud_updation.o
    0x00001b68   0x0000006c   Code   RO          244    .text               eint0.o
    0x00001bd4   0x00000288   Code   RO          259    .text               interrupts.o
    0x00001e5c   0x0000013c   Code   RO          274    .text               kpm.o
    0x00001f98   0x00000030   Code   RO          292    .text               rtc.o
    0x00001fc8   0x0000001c   Code   RO          307    .text               setpointaction.o
    0x00001fe4   0x00000008   Ven    RO          324    .text               c_t.l(strstr.o)(c_t.l)
    0x00001fec   0x0000002a   Code   RO          324    .text               c_t.l(strstr.o)(c_t.l)
    0x00002016   0x00000002   PAD
    0x00002018   0x00000040   Code   RO          326    .text               c_t.l(rt_memclr.o)(c_t.l)
    0x00002058   0x00000180   Code   RO          328    .text               c_t.l(aeabi_sdiv.o)(c_t.l)
    0x000021d8   0x00000006   Code   RO          344    .text               c_t.l(heapauxi.o)(c_t.l)
    0x000021de   0x00000002   PAD
    0x000021e0   0x00000054   Code   RO          378    .text               c_t.l(rt_memclr_w.o)(c_t.l)
    0x00002234   0x00000060   Code   RO          411    .text               c_t.l(sys_stackheap_outer.o)(c_t.l)
    0x00002294   0x0000000c   Code   RO          413    .text               c_t.l(exit.o)(c_t.l)
    0x000022a0   0x0000000c   Code   RO          426    .text               c_t.l(libspace.o)(c_t.l)
    0x000022ac   0x00000008   Ven    RO          480    .text               c_t.l(sys_exit.o)(c_t.l)
    0x000022b4   0x0000000c   Code   RO          480    .text               c_t.l(sys_exit.o)(c_t.l)
    0x000022c0   0x00000010   Code   RO          493    .text               c_t.l(rt_fp_status_addr_intlibspace.o)(c_t.l)
    0x000022d0   0x00000004   Code   RO          505    .text               c_t.l(use_no_semi.o)(c_t.l)
    0x000022d4   0x00000024   Code   RO          329    .text_udiv          c_t.l(aeabi_sdiv.o)(c_t.l)
    0x000022f8   0x0000001c   Code   RO          380    x$fpl$dcmpinf       fz_ts.l(dcmpi.o)(fz_ts.l)
    0x00002314   0x00000094   Code   RO          348    x$fpl$dleqf         fz_ts.l(dleqf.o)(fz_ts.l)
    0x000023a8   0x000000c0   Code   RO          382    x$fpl$dnaninf       fz_ts.l(dnaninf.o)(fz_ts.l)
    0x00002468   0x00000010   Code   RO          384    x$fpl$dretinf       fz_ts.l(dretinf.o)(fz_ts.l)
    0x00002478   0x00000064   Code   RO          350    x$fpl$f2d           fz_ts.l(f2d.o)(fz_ts.l)
    0x000024dc   0x000000c4   Code   RO          352    x$fpl$fadd          fz_ts.l(faddsub_noclz.o)(fz_ts.l)
    0x000025a0   0x00000044   Code   RO          358    x$fpl$ffix          fz_ts.l(ffix.o)(fz_ts.l)
    0x000025e4   0x00000054   Code   RO          362    x$fpl$ffixu         fz_ts.l(ffixu.o)(fz_ts.l)
    0x00002638   0x0000005c   Code   RO          367    x$fpl$fflt          fz_ts.l(fflt_noclz.o)(fz_ts.l)
    0x00002694   0x00000008   Code   RO          366    x$fpl$ffltu         fz_ts.l(fflt_noclz.o)(fz_ts.l)
    0x0000269c   0x00000100   Code   RO          370    x$fpl$fmul          fz_ts.l(fmul.o)(fz_ts.l)
    0x0000279c   0x000000a8   Code   RO          386    x$fpl$fnaninf       fz_ts.l(fnaninf.o)(fz_ts.l)
    0x00002844   0x00000004   Ven    RO          478    x$fpl$fpinit        fz_ts.l(fpinit.o)(fz_ts.l)
    0x00002848   0x00000018   Code   RO          478    x$fpl$fpinit        fz_ts.l(fpinit.o)(fz_ts.l)
    0x00002860   0x00000010   Code   RO          388    x$fpl$fretinf       fz_ts.l(fretinf.o)(fz_ts.l)
    0x00002870   0x00000014   Code   RO          353    x$fpl$frsb          fz_ts.l(faddsub_noclz.o)(fz_ts.l)
    0x00002884   0x00000130   Code   RO          354    x$fpl$fsub          fz_ts.l(faddsub_noclz.o)(fz_ts.l)
    0x000029b4   0x00000000   Code   RO          390    x$fpl$usenofp       fz_ts.l(usenofp.o)(fz_ts.l)
    0x000029b4   0x00000020   Data   RO          555    Region$$Table       anon$$obj.o


    Execution Region RW_IRAM1 (Base: 0x40000000, Size: 0x00000628, Max: 0x00008000, ABSOLUTE)

    Base Addr    Size         Type   Attr      Idx    E Section Name        Object

    0x40000000   0x000000cc   Data   RW           12    .data               uart0.o
    0x400000cc   0x00000001   Data   RW          107    .data               dht11_eeprom.o
    0x400000cd   0x00000004   Data   RW          191    .data               mainfile.o
    0x400000d1   0x00000003   Data   RW          229    .data               rtc_based_cloud_updation.o
    0x400000d4   0x00000005   Data   RW          260    .data               interrupts.o
    0x400000d9   0x00000003   PAD
    0x400000dc   0x00000040   Data   RW          275    .data               kpm.o
    0x4000011c   0x0000001e   Zero   RW          228    .bss                rtc_based_cloud_updation.o
    0x4000013a   0x00000002   PAD
    0x4000013c   0x00000060   Zero   RW          427    .bss                c_t.l(libspace.o)(c_t.l)
    0x4000019c   0x00000004   PAD
    0x400001a0   0x00000000   Zero   RW            2    HEAP                startup.o
    0x400001a0   0x00000488   Zero   RW            1    STACK               startup.o


==============================================================================

Image component sizes


      Code (inc. data)   RO Data    RW Data    ZI Data      Debug   Object Name

        92          8          0          0          0          0   delay.o
       600         56          0          0          0          0   dht11.o
       340         60          0          1          0          0   dht11_eeprom.o
       108          4          0          0          0          0   eint0.o
      2404        476          0          0          0          0   esp01.o
       312          4          0          0          0          0   i2c.o
       412          0          0          0          0          0   i2c_eeprom.o
        72          4          0          0          0          0   i2c_peripheral.o
       648         84          0          5          0          0   interrupts.o
       316          8          0         64          0          0   kpm.o
       744          8          0          0          0          0   lcd.o
       204         36          0          4          0          0   mainfile.o
       132          4          0          0          0          0   pin_connect_block.o
        48          8          0          0          0          0   rtc.o
       516         28          0          3         30          0   rtc_based_cloud_updation.o
        28          4          0          0          0          0   setpointaction.o
       304         60          0          0       1160          0   startup.o
       612         28          0        204          0          0   uart0.o

    ----------------------------------------------------------------------
      7892        880         32        284       1192          0   Object Totals
         0          0         32          0          0          0   (incl. Generated)
         0          0          0          3          2          1   (incl. Padding)

    ----------------------------------------------------------------------

      Code (inc. data)   RO Data    RW Data    ZI Data      Debug   Library Member Name

         8          0          0          0          0          0   __main.o
        60          8          0          0          0          0   __scatter.o
        40          0          0          0          0          0   __scatter_copy.o
        44          0          0          0          0          0   __scatter_zi.o
       420          0          0          0          0          0   aeabi_sdiv.o
        12          0          0          0          0          0   exit.o
         6          0          0          0          0          0   heapauxi.o
        14          0          0          0          0          0   libinit.o
        12          0          0          0          0          0   libinit2.o
        12          0          0          0          0          0   libshutdown.o
         6          0          0          0          0          0   libshutdown2.o
        12          4          0          0         96          0   libspace.o
        16          4          0          0          0          0   rt_fp_status_addr_intlibspace.o
        64          0          0          0          0          0   rt_memclr.o
        84          0          0          0          0          0   rt_memclr_w.o
         0          0          0          0          0          0   rtentry.o
        44          4          0          0          0          0   rtentry2.o
         8          0          0          0          0          0   rtentry4.o
         8          0          0          0          0          0   rtexit.o
        12          0          0          0          0          0   rtexit2.o
        50          0          0          0          0          0   strstr.o
        20          4          0          0          0          0   sys_exit.o
        96          0          0          0          0          0   sys_stackheap_outer.o
         4          0          0          0          0          0   use_no_semi.o
        28          0          0          0          0          0   dcmpi.o
       148          4          0          0          0          0   dleqf.o
       192          0          0          0          0          0   dnaninf.o
        16          0          0          0          0          0   dretinf.o
       100          4          0          0          0          0   f2d.o
       520          8          0          0          0          0   faddsub_noclz.o
        68          4          0          0          0          0   ffix.o
        84          4          0          0          0          0   ffixu.o
       100          0          0          0          0          0   fflt_noclz.o
       256          4          0          0          0          0   fmul.o
       168          0          0          0          0          0   fnaninf.o
        28          0          0          0          0          0   fpinit.o
        16          0          0          0          0          0   fretinf.o
         0          0          0          0          0          0   usenofp.o

    ----------------------------------------------------------------------
      2784         52          0          0        100          0   Library Totals
         8          0          0          0          4          0   (incl. Padding)

    ----------------------------------------------------------------------

      Code (inc. data)   RO Data    RW Data    ZI Data      Debug   Library Name

      1052         24          0          0         96        976   c_t.l
      1724         28          0          0          0       1292   fz_ts.l

    ----------------------------------------------------------------------
      2784         52          0          0        100          0   Library Totals

    ----------------------------------------------------------------------

==============================================================================


      Code (inc. data)   RO Data    RW Data    ZI Data      Debug   

     10676        932         32        284       1292      26124   Grand Totals
     10676        932         32        284       1292      26124   ELF Image Totals
     10676        932         32        284          0          0   ROM Totals

==============================================================================

    Total RO  Size (Code + RO Data)                10708 (  10.46kB)
    Total RW  Size (RW Data + ZI Data)              1576 (   1.54kB)
    Total ROM Size (Code + RO Data + RW Data)      10992 (  10.73kB)

==============================================================================

