<html>
<body>
<pre>
<h1>µVision Build Log</h1>
<h2>Project:</h2>
E:\v24he11s11\Downloads\ARM_Major_ProjectV16\ARM_Major_ProjectV15\ARM_Major_ProjectV14\ARM_Major_ProjectV12\ARM_Major_ProjectV10\ARM_Major_ProjectV9\ARM_Major_ProjectV8\ARM_Major_ProjectV8\LPC2148-ESP01-LEVEL1\ESP01.uvproj
Project File Date:  01/10/2026

<h2>Output:</h2>
Build target 'Target 1'
assembling Startup.s...
compiling uart0.c...
compiling delay.c...
compiling esp01.c...
compiling lcd.c...
compiling dht11_eeprom.c...
compiling i2c.c...
compiling i2c_eeprom.c...
compiling i2c_peripheral.c...
compiling pin_connect_block.c...
compiling rtc_based_cloud_updation.c...
compiling eint0.c...
compiling interrupts.c...
compiling kpm.c...
compiling rtc.c...
compiling setPointAction.c...
compiling dht11a.c...
compiling dht11_testa.c...
dht11_testa.c(6): warning:  #550-D: variable "humidity" was set but never used
dht11_testa.c:          unsigned char humidity_integer, humidity_decimal, temp_integer, temp_decimal, checksum, humidity, temperature;  
dht11_testa.c:                                                                                                  ^
dht11_testa.c(6): warning:  #550-D: variable "temperature" was set but never used
dht11_testa.c:          unsigned char humidity_integer, humidity_decimal, temp_integer, temp_decimal, checksum, humidity, temperature;  
dht11_testa.c:                                                                                                            ^
dht11_testa.c: dht11_testa.c: 2 warnings, 0 errors
linking...
Program Size: Code=11220 RO-data=64 RW-data=300 ZI-data=1292  
FromELF: creating hex file...
"output.axf" - 0 Error(s), 2 Warning(s).
Build target 'Target 1'
assembling Startup.s...
compiling uart0.c...
compiling delay.c...
compiling esp01.c...
compiling lcd.c...
compiling dht11_eeprom.c...
compiling i2c.c...
compiling i2c_eeprom.c...
compiling i2c_peripheral.c...
compiling pin_connect_block.c...
compiling rtc_based_cloud_updation.c...
compiling eint0.c...
compiling interrupts.c...
compiling kpm.c...
compiling rtc.c...
compiling setPointAction.c...
compiling dht11a.c...
compiling dht11_testa.c...
linking...
Program Size: Code=11352 RO-data=64 RW-data=300 ZI-data=1292  
FromELF: creating hex file...
"output.axf" - 0 Error(s), 0 Warning(s).
Build target 'Target 1'
assembling Startup.s...
compiling uart0.c...
compiling delay.c...
compiling esp01.c...
compiling lcd.c...
compiling dht11_eeprom.c...
compiling i2c.c...
compiling i2c_eeprom.c...
compiling i2c_peripheral.c...
compiling pin_connect_block.c...
compiling rtc_based_cloud_updation.c...
compiling eint0.c...
compiling interrupts.c...
compiling kpm.c...
compiling rtc.c...
compiling setPointAction.c...
compiling dht11a.c...
dht11a.c(20): warning:  #223-D: function "delay_ms" declared implicitly
dht11a.c:       delay_ms(20);
dht11a.c:       ^
dht11a.c(24): warning:  #223-D: function "delay_us" declared implicitly
dht11a.c:       delay_us(40); // Make DHT11 pin HIGH and wait for response
dht11a.c:       ^
dht11a.c(57): warning:  #223-D: function "delay_us" declared implicitly
dht11a.c:               delay_us(30);   // delay greater than 24 usec 
dht11a.c:               ^
dht11a.c: dht11a.c: 3 warnings, 0 errors
compiling dht11_testa.c...
dht11_testa.c(45): warning:  #223-D: function "Write_str_LCD" declared implicitly
dht11_testa.c:                          Write_str_LCD("Checksum Error\r\n");
dht11_testa.c:                          ^
dht11_testa.c(51): warning:  #223-D: function "Write_CMD_LCD" declared implicitly
dht11_testa.c:                          Write_CMD_LCD(0x80);
dht11_testa.c:                          ^
dht11_testa.c(55): warning:  #223-D: function "Write_int_LCD" declared implicitly
dht11_testa.c:                          Write_int_LCD(humidity_integer);
dht11_testa.c:                          ^
dht11_testa.c(57): warning:  #223-D: function "Write_DAT_LCD" declared implicitly
dht11_testa.c:                          Write_DAT_LCD('.');
dht11_testa.c:                          ^
dht11_testa.c(83): warning:  #223-D: function "delay_ms" declared implicitly
dht11_testa.c:                          delay_ms(3000);
dht11_testa.c:                          ^
dht11_testa.c: dht11_testa.c: 5 warnings, 0 errors
linking...
output.axf: Error: L6218E: Undefined symbol delay_ms (referred from dht11a.o).
output.axf: Error: L6218E: Undefined symbol delay_us (referred from dht11a.o).
output.axf: Error: L6218E: Undefined symbol Write_CMD_LCD (referred from dht11_testa.o).
output.axf: Error: L6218E: Undefined symbol Write_DAT_LCD (referred from dht11_testa.o).
output.axf: Error: L6218E: Undefined symbol Write_int_LCD (referred from dht11_testa.o).
output.axf: Error: L6218E: Undefined symbol Write_str_LCD (referred from dht11_testa.o).
output.axf: Not enough information to list image symbols.
output.axf: Finished: 1 information, 0 warning and 6 error messages.
Target not created
Build target 'Target 1'
assembling Startup.s...
compiling uart0.c...
compiling delay.c...
compiling esp01.c...
compiling lcd.c...
compiling dht11_eeprom.c...
compiling i2c.c...
compiling i2c_eeprom.c...
compiling i2c_peripheral.c...
compiling pin_connect_block.c...
compiling rtc_based_cloud_updation.c...
compiling eint0.c...
compiling interrupts.c...
compiling kpm.c...
compiling rtc.c...
compiling setPointAction.c...
compiling dht11a.c...
dht11a.c(20): warning:  #223-D: function "delay_ms" declared implicitly
dht11a.c:       delay_ms(20);
dht11a.c:       ^
dht11a.c(24): warning:  #223-D: function "delay_us" declared implicitly
dht11a.c:       delay_us(40); // Make DHT11 pin HIGH and wait for response
dht11a.c:       ^
dht11a.c(57): warning:  #223-D: function "delay_us" declared implicitly
dht11a.c:               delay_us(30);   // delay greater than 24 usec 
dht11a.c:               ^
dht11a.c: dht11a.c: 3 warnings, 0 errors
compiling dht11_testa.c...
dht11_testa.c(45): warning:  #223-D: function "Write_str_LCD" declared implicitly
dht11_testa.c:                          Write_str_LCD("Checksum Error\r\n");
dht11_testa.c:                          ^
dht11_testa.c: dht11_testa.c: 1 warning, 0 errors
linking...
output.axf: Error: L6218E: Undefined symbol delay_ms (referred from dht11a.o).
output.axf: Error: L6218E: Undefined symbol delay_us (referred from dht11a.o).
output.axf: Error: L6218E: Undefined symbol Write_str_LCD (referred from dht11_testa.o).
output.axf: Not enough information to list image symbols.
output.axf: Finished: 1 information, 0 warning and 3 error messages.
Target not created
Build target 'Target 1'
assembling Startup.s...
compiling uart0.c...
compiling delay.c...
compiling esp01.c...
compiling lcd.c...
compiling dht11_eeprom.c...
compiling i2c.c...
compiling i2c_eeprom.c...
compiling i2c_peripheral.c...
compiling pin_connect_block.c...
compiling rtc_based_cloud_updation.c...
compiling eint0.c...
compiling interrupts.c...
compiling kpm.c...
compiling rtc.c...
compiling setPointAction.c...
compiling dht11a.c...
compiling dht11_testa.c...
linking...
Program Size: Code=11344 RO-data=64 RW-data=300 ZI-data=1292  
FromELF: creating hex file...
"output.axf" - 0 Error(s), 0 Warning(s).
Build target 'Target 1'
assembling Startup.s...
compiling uart0.c...
compiling delay.c...
compiling esp01.c...
compiling lcd.c...
compiling dht11_eeprom.c...
compiling i2c.c...
compiling i2c_eeprom.c...
compiling i2c_peripheral.c...
compiling pin_connect_block.c...
compiling rtc_based_cloud_updation.c...
compiling eint0.c...
compiling interrupts.c...
compiling kpm.c...
compiling rtc.c...
compiling setPointAction.c...
compiling dht11a.c...
compiling dht11_testa.c...
linking...
Program Size: Code=11344 RO-data=64 RW-data=300 ZI-data=1292  
FromELF: creating hex file...
"output.axf" - 0 Error(s), 0 Warning(s).
Build target 'Target 1'
assembling Startup.s...
compiling uart0.c...
compiling delay.c...
compiling esp01.c...
compiling lcd.c...
compiling dht11_eeprom.c...
compiling i2c.c...
compiling i2c_eeprom.c...
compiling i2c_peripheral.c...
compiling pin_connect_block.c...
compiling rtc_based_cloud_updation.c...
compiling eint0.c...
compiling interrupts.c...
compiling kpm.c...
compiling rtc.c...
compiling setPointAction.c...
compiling dht11a.c...
compiling dht11_testa.c...
linking...
Program Size: Code=11344 RO-data=64 RW-data=300 ZI-data=1292  
FromELF: creating hex file...
"test1.axf" - 0 Error(s), 0 Warning(s).
Build target 'Target 1'
assembling Startup.s...
compiling uart0.c...
compiling delay.c...
compiling esp01.c...
compiling lcd.c...
compiling dht11_eeprom.c...
compiling i2c.c...
compiling i2c_eeprom.c...
compiling i2c_peripheral.c...
compiling pin_connect_block.c...
compiling rtc_based_cloud_updation.c...
compiling eint0.c...
compiling interrupts.c...
compiling kpm.c...
compiling rtc.c...
compiling setPointAction.c...
compiling dht11a.c...
compiling dht11_testa.c...
linking...
Program Size: Code=11344 RO-data=64 RW-data=300 ZI-data=1292  
FromELF: creating hex file...
"test1.axf" - 0 Error(s), 0 Warning(s).
