ARM Linker, 4.1 [Build 481] [Evaluation]

==============================================================================

Section Cross References

    startup.o(STACK) refers (Special) to heapauxi.o(.text) for __use_two_region_memory
    startup.o(HEAP) refers (Special) to heapauxi.o(.text) for __use_two_region_memory
    startup.o(RESET) refers (Special) to heapauxi.o(.text) for __use_two_region_memory
    startup.o(RESET) refers to startup.o(STACK) for Stack_Top
    startup.o(RESET) refers to __main.o(!!!main) for __main
    startup.o(.text) refers (Special) to heapauxi.o(.text) for __use_two_region_memory
    startup.o(.text) refers to startup.o(HEAP) for Heap_Mem
    startup.o(.text) refers to startup.o(STACK) for Stack_Mem
    uart0.o(.text) refers to aeabi_sdiv.o(.text_udiv) for __aeabi_uidivmod
    uart0.o(.text) refers to ffix.o(x$fpl$ffix) for __aeabi_f2iz
    uart0.o(.text) refers to fflt_noclz.o(x$fpl$fflt) for __aeabi_i2f
    uart0.o(.text) refers to faddsub_noclz.o(x$fpl$frsb) for __aeabi_frsub
    uart0.o(.text) refers to fmul.o(x$fpl$fmul) for __aeabi_fmul
    uart0.o(.text) refers to uart0.o(.data) for ch
    esp01.o(.text) refers to lcd.o(.text) for cmdLCD
    esp01.o(.text) refers to delay.o(.text) for delayMS
    esp01.o(.text) refers to uart0.o(.text) for UART0_Str
    esp01.o(.text) refers to rt_memclr.o(.text) for __aeabi_memclr
    esp01.o(.text) refers to strstr.o(.text) for strstr
    esp01.o(.text) refers to uart0.o(.data) for i
    lcd.o(.text) refers to delay.o(.text) for delayUS
    lcd.o(.text) refers to aeabi_sdiv.o(.text_udiv) for __aeabi_uidivmod
    lcd.o(.text) refers to f2d.o(x$fpl$f2d) for __aeabi_f2d
    lcd.o(.text) refers to dleqf.o(x$fpl$dleqf) for __aeabi_cdcmple
    lcd.o(.text) refers to ffixu.o(x$fpl$ffixu) for __aeabi_f2uiz
    lcd.o(.text) refers to fflt_noclz.o(x$fpl$ffltu) for __aeabi_ui2f
    lcd.o(.text) refers to faddsub_noclz.o(x$fpl$frsb) for __aeabi_frsub
    lcd.o(.text) refers to fmul.o(x$fpl$fmul) for __aeabi_fmul
    dht11_eeprom.o(.text) refers to i2c_eeprom.o(.text) for i2c_eeprom_byteWrite
    dht11_eeprom.o(.text) refers to lcd.o(.text) for cmdLCD
    dht11_eeprom.o(.text) refers to delay.o(.text) for delayMS
    dht11_eeprom.o(.text) refers to rtc_based_cloud_updation.o(.text) for updateToCloud
    dht11_eeprom.o(.text) refers to dht11_eeprom.o(.data) for eeprom_index
    i2c_eeprom.o(.text) refers to i2c.o(.text) for i2c_Start
    i2c_eeprom.o(.text) refers to delay.o(.text) for delayMS
    i2c_peripheral.o(.text) refers to pin_connect_block.o(.text) for cfgPortPinFunc
    rtc_based_cloud_updation.o(.text) refers to aeabi_sdiv.o(.text) for __aeabi_idivmod
    rtc_based_cloud_updation.o(.text) refers to dht11_eeprom.o(.text) for read_DHT11_record
    rtc_based_cloud_updation.o(.text) refers to esp01.o(.text) for esp01_sendToThingspeak
    rtc_based_cloud_updation.o(.text) refers to rtc_based_cloud_updation.o(.bss) for str
    rtc_based_cloud_updation.o(.text) refers to rtc_based_cloud_updation.o(.data) for temper
    rtc_based_cloud_updation.o(.text) refers to dht11_eeprom.o(.data) for eeprom_index
    eint0.o(.text) refers to pin_connect_block.o(.text) for cfgPortPinFunc
    eint0.o(.text) refers to eint0.o(.data) for menu_flag
    interrupts.o(.text) refers to lcd.o(.text) for cmdLCD
    interrupts.o(.text) refers to rtc_based_cloud_updation.o(.text) for updateToCloud
    interrupts.o(.text) refers to delay.o(.text) for delayMS
    interrupts.o(.text) refers to aeabi_sdiv.o(.text) for __aeabi_idivmod
    interrupts.o(.text) refers to dht11_eeprom.o(.text) for read_DHT11_record
    interrupts.o(.text) refers to kpm.o(.text) for KeyScan
    interrupts.o(.text) refers to interrupts.o(.data) for minute_count
    interrupts.o(.data) refers to interrupts.o(.conststring) for .conststring
    kpm.o(.text) refers to kpm.o(.data) for kpmLUT
    setpointaction.o(.text) refers to delay.o(.text) for delayMS
    dht11a.o(.text) refers to delay.o(.text) for delayMS
    dht11_testa.o(.text) refers to lcd.o(.text) for Init_LCD
    dht11_testa.o(.text) refers to rtc.o(.text) for Init_RTC
    dht11_testa.o(.text) refers to interrupts.o(.text) for RTC_nmin_Alarm
    dht11_testa.o(.text) refers to uart0.o(.text) for InitUART0
    dht11_testa.o(.text) refers to i2c_peripheral.o(.text) for Init_i2c
    dht11_testa.o(.text) refers to kpm.o(.text) for Init_KPM
    dht11_testa.o(.text) refers to eint0.o(.text) for Init_eint2
    dht11_testa.o(.text) refers to delay.o(.text) for delayS
    dht11_testa.o(.text) refers to dht11a.o(.text) for dht11_request
    dht11_testa.o(.text) refers to dht11_eeprom.o(.text) for store_DHT11_to_EEPROM
    dht11_testa.o(.text) refers to setpointaction.o(.text) for setPointAction
    dht11_testa.o(.text) refers to eint0.o(.data) for menu_flag
    dht11_testa.o(.text) refers to interrupts.o(.data) for setPoint
    rt_memclr.o(.text) refers to rt_memclr_w.o(.text) for _memset_w
    aeabi_sdiv.o(.text_udiv) refers to aeabi_sdiv.o(.text) for __arm_div2
    aeabi_sdiv_div0.o(.text_udiv) refers to aeabi_sdiv_div0.o(.text) for __arm_div2
    __main.o(!!!main) refers to rtentry.o(.ARM.Collect$$rtentry$$00000000) for __rt_entry
    dleqf.o(x$fpl$dleqf) refers (Special) to usenofp.o(x$fpl$usenofp) for __I$use$fp
    dleqf.o(x$fpl$dleqf) refers to dnaninf.o(x$fpl$dnaninf) for __fpl_dnaninf
    dleqf.o(x$fpl$dleqf) refers to dcmpi.o(x$fpl$dcmpinf) for __fpl_dcmp_Inf
    f2d.o(x$fpl$f2d) refers (Special) to usenofp.o(x$fpl$usenofp) for __I$use$fp
    f2d.o(x$fpl$f2d) refers to fnaninf.o(x$fpl$fnaninf) for __fpl_fnaninf
    f2d.o(x$fpl$f2d) refers to dretinf.o(x$fpl$dretinf) for __fpl_dretinf
    faddsub_noclz.o(x$fpl$fadd) refers (Special) to usenofp.o(x$fpl$usenofp) for __I$use$fp
    faddsub_noclz.o(x$fpl$fadd) refers to faddsub_noclz.o(x$fpl$fsub) for _fsub1
    faddsub_noclz.o(x$fpl$fadd) refers to fretinf.o(x$fpl$fretinf) for __fpl_fretinf
    faddsub_noclz.o(x$fpl$fadd) refers to fnaninf.o(x$fpl$fnaninf) for __fpl_fnaninf
    faddsub_noclz.o(x$fpl$frsb) refers (Special) to usenofp.o(x$fpl$usenofp) for __I$use$fp
    faddsub_noclz.o(x$fpl$frsb) refers to faddsub_noclz.o(x$fpl$fadd) for _fadd1
    faddsub_noclz.o(x$fpl$frsb) refers to faddsub_noclz.o(x$fpl$fsub) for _fsub1
    faddsub_noclz.o(x$fpl$fsub) refers (Special) to usenofp.o(x$fpl$usenofp) for __I$use$fp
    faddsub_noclz.o(x$fpl$fsub) refers to faddsub_noclz.o(x$fpl$fadd) for _fadd1
    faddsub_noclz.o(x$fpl$fsub) refers to fnaninf.o(x$fpl$fnaninf) for __fpl_fnaninf
    ffix.o(x$fpl$ffix) refers (Special) to usenofp.o(x$fpl$usenofp) for __I$use$fp
    ffix.o(x$fpl$ffix) refers to fnaninf.o(x$fpl$fnaninf) for __fpl_fnaninf
    ffix.o(x$fpl$ffixr) refers (Special) to usenofp.o(x$fpl$usenofp) for __I$use$fp
    ffix.o(x$fpl$ffixr) refers to fnaninf.o(x$fpl$fnaninf) for __fpl_fnaninf
    ffixu.o(x$fpl$ffixu) refers (Special) to usenofp.o(x$fpl$usenofp) for __I$use$fp
    ffixu.o(x$fpl$ffixu) refers to fnaninf.o(x$fpl$fnaninf) for __fpl_fnaninf
    ffixu.o(x$fpl$ffixur) refers (Special) to usenofp.o(x$fpl$usenofp) for __I$use$fp
    ffixu.o(x$fpl$ffixur) refers to fnaninf.o(x$fpl$fnaninf) for __fpl_fnaninf
    fflt_noclz.o(x$fpl$ffltu) refers (Special) to usenofp.o(x$fpl$usenofp) for __I$use$fp
    fflt_noclz.o(x$fpl$ffltu) refers to fflt_noclz.o(x$fpl$fflt) for __fflt_normalise
    fflt_noclz.o(x$fpl$fflt) refers (Special) to usenofp.o(x$fpl$usenofp) for __I$use$fp
    fmul.o(x$fpl$fmul) refers (Special) to usenofp.o(x$fpl$usenofp) for __I$use$fp
    fmul.o(x$fpl$fmul) refers to fretinf.o(x$fpl$fretinf) for __fpl_fretinf
    fmul.o(x$fpl$fmul) refers to fnaninf.o(x$fpl$fnaninf) for __fpl_fnaninf
    rtentry.o(.ARM.Collect$$rtentry$$00000000) refers (Special) to rtentry2.o(.ARM.Collect$$rtentry$$0000000A) for __rt_entry_li
    rtentry.o(.ARM.Collect$$rtentry$$00000000) refers (Special) to rtentry2.o(.ARM.Collect$$rtentry$$0000000D) for __rt_entry_main
    rtentry.o(.ARM.Collect$$rtentry$$00000000) refers (Special) to rtentry2.o(.ARM.Collect$$rtentry$$0000000C) for __rt_entry_postli_1
    rtentry.o(.ARM.Collect$$rtentry$$00000000) refers (Special) to rtentry2.o(.ARM.Collect$$rtentry$$00000009) for __rt_entry_postsh_1
    rtentry.o(.ARM.Collect$$rtentry$$00000000) refers (Special) to rtentry2.o(.ARM.Collect$$rtentry$$00000002) for __rt_entry_presh_1
    rtentry.o(.ARM.Collect$$rtentry$$00000000) refers (Special) to rtentry4.o(.ARM.Collect$$rtentry$$00000004) for __rt_entry_sh
    rtentry.o(.ARM.exidx) refers (Special) to rtentry2.o(.ARM.Collect$$rtentry$$0000000A) for __rt_entry_li
    rtentry.o(.ARM.exidx) refers (Special) to rtentry2.o(.ARM.Collect$$rtentry$$0000000D) for __rt_entry_main
    rtentry.o(.ARM.exidx) refers (Special) to rtentry2.o(.ARM.Collect$$rtentry$$0000000C) for __rt_entry_postli_1
    rtentry.o(.ARM.exidx) refers (Special) to rtentry2.o(.ARM.Collect$$rtentry$$00000009) for __rt_entry_postsh_1
    rtentry.o(.ARM.exidx) refers (Special) to rtentry2.o(.ARM.Collect$$rtentry$$00000002) for __rt_entry_presh_1
    rtentry.o(.ARM.exidx) refers (Special) to rtentry4.o(.ARM.Collect$$rtentry$$00000004) for __rt_entry_sh
    rtentry.o(.ARM.exidx) refers to rtentry.o(.ARM.Collect$$rtentry$$00000000) for .ARM.Collect$$rtentry$$00000000
    aeabi_idiv0_sigfpe.o(.text) refers to rt_div0.o(.text) for __rt_div0
    dcmpi.o(x$fpl$dcmpinf) refers (Special) to usenofp.o(x$fpl$usenofp) for __I$use$fp
    dnaninf.o(x$fpl$dnaninf) refers (Special) to usenofp.o(x$fpl$usenofp) for __I$use$fp
    dretinf.o(x$fpl$dretinf) refers (Special) to usenofp.o(x$fpl$usenofp) for __I$use$fp
    fnaninf.o(x$fpl$fnaninf) refers (Special) to usenofp.o(x$fpl$usenofp) for __I$use$fp
    fretinf.o(x$fpl$fretinf) refers (Special) to usenofp.o(x$fpl$usenofp) for __I$use$fp
    rtentry2.o(.ARM.Collect$$rtentry$$00000008) refers to boardinit2.o(.text) for _platform_post_stackheap_init
    rtentry2.o(.ARM.Collect$$rtentry$$0000000A) refers to libinit.o(.ARM.Collect$$libinit$$00000000) for __rt_lib_init
    rtentry2.o(.ARM.Collect$$rtentry$$0000000B) refers to boardinit3.o(.text) for _platform_post_lib_init
    rtentry2.o(.ARM.Collect$$rtentry$$0000000D) refers to exit.o(.text) for exit
    rtentry2.o(.ARM.Collect$$rtentry$$0000000D) refers to dht11_testa.o(.text) for main
    rtentry2.o(.ARM.exidx) refers to rtentry2.o(.ARM.Collect$$rtentry$$00000001) for .ARM.Collect$$rtentry$$00000001
    rtentry2.o(.ARM.exidx) refers to rtentry2.o(.ARM.Collect$$rtentry$$00000002) for .ARM.Collect$$rtentry$$00000002
    rtentry2.o(.ARM.exidx) refers to rtentry2.o(.ARM.Collect$$rtentry$$00000008) for .ARM.Collect$$rtentry$$00000008
    rtentry2.o(.ARM.exidx) refers to rtentry2.o(.ARM.Collect$$rtentry$$00000009) for .ARM.Collect$$rtentry$$00000009
    rtentry2.o(.ARM.exidx) refers to rtentry2.o(.ARM.Collect$$rtentry$$0000000A) for .ARM.Collect$$rtentry$$0000000A
    rtentry2.o(.ARM.exidx) refers to rtentry2.o(.ARM.Collect$$rtentry$$0000000B) for .ARM.Collect$$rtentry$$0000000B
    rtentry2.o(.ARM.exidx) refers to rtentry2.o(.ARM.Collect$$rtentry$$0000000C) for .ARM.Collect$$rtentry$$0000000C
    rtentry2.o(.ARM.exidx) refers to rtentry2.o(.ARM.Collect$$rtentry$$0000000D) for .ARM.Collect$$rtentry$$0000000D
    rtentry4.o(.ARM.Collect$$rtentry$$00000004) refers to sys_stackheap_outer.o(.text) for __user_setup_stackheap
    rtentry4.o(.ARM.exidx) refers to rtentry4.o(.ARM.Collect$$rtentry$$00000004) for .ARM.Collect$$rtentry$$00000004
    rt_div0.o(.text) refers to defsig_fpe_outer.o(.text) for __rt_SIGFPE
    sys_stackheap_outer.o(.text) refers to libspace.o(.text) for __user_perproc_libspace
    sys_stackheap_outer.o(.text) refers to startup.o(.text) for __user_initial_stackheap
    exit.o(.text) refers to rtexit.o(.ARM.Collect$$rtexit$$00000000) for __rt_exit
    defsig_fpe_outer.o(.text) refers to defsig_fpe_inner.o(.text) for __rt_SIGFPE_inner
    defsig_fpe_outer.o(.text) refers to defsig_exit.o(.text) for __sig_exit
    defsig_fpe_formal.o(.text) refers to rt_raise.o(.text) for __rt_raise
    libinit.o(.ARM.Collect$$libinit$$00000000) refers (Special) to libinit2.o(.ARM.Collect$$libinit$$0000002A) for __rt_lib_init_alloca_1
    libinit.o(.ARM.Collect$$libinit$$00000000) refers (Special) to libinit2.o(.ARM.Collect$$libinit$$00000028) for __rt_lib_init_argv_1
    libinit.o(.ARM.Collect$$libinit$$00000000) refers (Special) to libinit2.o(.ARM.Collect$$libinit$$00000017) for __rt_lib_init_atexit_1
    libinit.o(.ARM.Collect$$libinit$$00000000) refers (Special) to libinit2.o(.ARM.Collect$$libinit$$0000001D) for __rt_lib_init_clock_1
    libinit.o(.ARM.Collect$$libinit$$00000000) refers (Special) to libinit2.o(.ARM.Collect$$libinit$$0000002E) for __rt_lib_init_cpp_1
    libinit.o(.ARM.Collect$$libinit$$00000000) refers (Special) to libinit2.o(.ARM.Collect$$libinit$$0000002C) for __rt_lib_init_exceptions_1
    libinit.o(.ARM.Collect$$libinit$$00000000) refers (Special) to libinit2.o(.ARM.Collect$$libinit$$0000001B) for __rt_lib_init_fp_trap_1
    libinit.o(.ARM.Collect$$libinit$$00000000) refers (Special) to libinit2.o(.ARM.Collect$$libinit$$0000001F) for __rt_lib_init_getenv_1
    libinit.o(.ARM.Collect$$libinit$$00000000) refers (Special) to libinit2.o(.ARM.Collect$$libinit$$00000006) for __rt_lib_init_heap_1
    libinit.o(.ARM.Collect$$libinit$$00000000) refers (Special) to libinit2.o(.ARM.Collect$$libinit$$0000000D) for __rt_lib_init_lc_collate_1
    libinit.o(.ARM.Collect$$libinit$$00000000) refers (Special) to libinit2.o(.ARM.Collect$$libinit$$0000000F) for __rt_lib_init_lc_ctype_1
    libinit.o(.ARM.Collect$$libinit$$00000000) refers (Special) to libinit2.o(.ARM.Collect$$libinit$$00000011) for __rt_lib_init_lc_monetary_1
    libinit.o(.ARM.Collect$$libinit$$00000000) refers (Special) to libinit2.o(.ARM.Collect$$libinit$$00000013) for __rt_lib_init_lc_numeric_1
    libinit.o(.ARM.Collect$$libinit$$00000000) refers (Special) to libinit2.o(.ARM.Collect$$libinit$$00000015) for __rt_lib_init_lc_time_1
    libinit.o(.ARM.Collect$$libinit$$00000000) refers (Special) to libinit2.o(.ARM.Collect$$libinit$$0000000A) for __rt_lib_init_rand_1
    libinit.o(.ARM.Collect$$libinit$$00000000) refers (Special) to libinit2.o(.ARM.Collect$$libinit$$0000002F) for __rt_lib_init_return
    libinit.o(.ARM.Collect$$libinit$$00000000) refers (Special) to libinit2.o(.ARM.Collect$$libinit$$00000019) for __rt_lib_init_signal_1
    libinit.o(.ARM.Collect$$libinit$$00000000) refers (Special) to libinit2.o(.ARM.Collect$$libinit$$00000021) for __rt_lib_init_stdio_1
    libinit.o(.ARM.Collect$$libinit$$00000000) refers (Special) to libinit2.o(.ARM.Collect$$libinit$$00000008) for __rt_lib_init_user_alloc_1
    libinit.o(.ARM.Collect$$libinit$$00000000) refers to fpinit.o(x$fpl$fpinit) for _fp_init
    libspace.o(.text) refers to libspace.o(.bss) for __libspace_start
    rtexit.o(.ARM.Collect$$rtexit$$00000000) refers (Special) to rtexit2.o(.ARM.Collect$$rtexit$$00000004) for __rt_exit_exit
    rtexit.o(.ARM.Collect$$rtexit$$00000000) refers (Special) to rtexit2.o(.ARM.Collect$$rtexit$$00000003) for __rt_exit_ls
    rtexit.o(.ARM.Collect$$rtexit$$00000000) refers (Special) to rtexit2.o(.ARM.Collect$$rtexit$$00000002) for __rt_exit_prels_1
    rtexit.o(.ARM.exidx) refers (Special) to rtexit2.o(.ARM.Collect$$rtexit$$00000004) for __rt_exit_exit
    rtexit.o(.ARM.exidx) refers (Special) to rtexit2.o(.ARM.Collect$$rtexit$$00000003) for __rt_exit_ls
    rtexit.o(.ARM.exidx) refers (Special) to rtexit2.o(.ARM.Collect$$rtexit$$00000002) for __rt_exit_prels_1
    rtexit.o(.ARM.exidx) refers to rtexit.o(.ARM.Collect$$rtexit$$00000000) for .ARM.Collect$$rtexit$$00000000
    rt_raise.o(.text) refers to __raise.o(.text) for __raise
    rt_raise.o(.text) refers to sys_exit.o(.text) for _sys_exit
    defsig_exit.o(.text) refers to sys_exit.o(.text) for _sys_exit
    defsig_fpe_inner.o(.text) refers to defsig_general.o(.text) for __default_signal_display
    libinit2.o(.ARM.Collect$$libinit$$0000000C) refers to libinit2.o(.ARM.Collect$$libinit$$0000000B) for .ARM.Collect$$libinit$$0000000B
    libinit2.o(.ARM.Collect$$libinit$$0000000E) refers to libinit2.o(.ARM.Collect$$libinit$$0000000B) for .ARM.Collect$$libinit$$0000000B
    libinit2.o(.ARM.Collect$$libinit$$00000010) refers to libinit2.o(.ARM.Collect$$libinit$$0000000B) for .ARM.Collect$$libinit$$0000000B
    libinit2.o(.ARM.Collect$$libinit$$00000012) refers to libinit2.o(.ARM.Collect$$libinit$$0000000B) for .ARM.Collect$$libinit$$0000000B
    libinit2.o(.ARM.Collect$$libinit$$00000014) refers to libinit2.o(.ARM.Collect$$libinit$$0000000B) for .ARM.Collect$$libinit$$0000000B
    libinit2.o(.ARM.Collect$$libinit$$00000022) refers to argv_veneer.o(.emb_text) for __ARM_argv_veneer
    libinit2.o(.ARM.Collect$$libinit$$00000023) refers to argv_veneer.o(.emb_text) for __ARM_argv_veneer
    fpinit.o(x$fpl$fpinit) refers to rt_fp_status_addr_intlibspace.o(.text) for __rt_fp_status_addr
    sys_exit.o(.text) refers (Special) to use_no_semi.o(.text) for __I$use$semihosting
    rtexit2.o(.ARM.Collect$$rtexit$$00000003) refers to libshutdown.o(.ARM.Collect$$libshutdown$$00000000) for __rt_lib_shutdown
    rtexit2.o(.ARM.Collect$$rtexit$$00000004) refers to sys_exit.o(.text) for _sys_exit
    rtexit2.o(.ARM.exidx) refers to rtexit2.o(.ARM.Collect$$rtexit$$00000001) for .ARM.Collect$$rtexit$$00000001
    rtexit2.o(.ARM.exidx) refers to rtexit2.o(.ARM.Collect$$rtexit$$00000002) for .ARM.Collect$$rtexit$$00000002
    rtexit2.o(.ARM.exidx) refers to rtexit2.o(.ARM.Collect$$rtexit$$00000003) for .ARM.Collect$$rtexit$$00000003
    rtexit2.o(.ARM.exidx) refers to rtexit2.o(.ARM.Collect$$rtexit$$00000004) for .ARM.Collect$$rtexit$$00000004
    rt_fp_status_addr.o(.text) refers to rt_fp_status_addr.o(.bss) for __rt_fp_status_addr_data
    rt_fp_status_addr_intlibspace.o(.text) refers to libspace.o(.bss) for __libspace_start
    __raise.o(.text) refers to __raise.o(i.__ARM_common_call_via_r2) for __ARM_common_call_via_r2
    __raise.o(.text) refers to defsig.o(CL$$defsig) for __default_signal_handler
    defsig_general.o(.text) refers to sys_wrch.o(.text) for _ttywrch
    argv_veneer.o(.emb_text) refers to no_argv.o(.text) for __ARM_get_argv
    sys_wrch.o(.text) refers (Special) to use_no_semi.o(.text) for __I$use$semihosting
    defsig.o(CL$$defsig) refers to defsig_fpe_inner.o(.text) for __rt_SIGFPE_inner
    defsig.o(CL$$defsig) refers to defsig_rtmem_inner.o(.text) for __rt_SIGRTMEM_inner
    _get_argv_nomalloc.o(.text) refers (Special) to hrguard.o(.text) for __heap_region$guard
    _get_argv_nomalloc.o(.text) refers to defsig_rtmem_outer.o(.text) for __rt_SIGRTMEM
    _get_argv_nomalloc.o(.text) refers to sys_command.o(.text) for _sys_command_string
    libshutdown.o(.ARM.Collect$$libshutdown$$00000000) refers (Special) to libshutdown2.o(.ARM.Collect$$libshutdown$$00000006) for __rt_lib_shutdown_fp_trap_1
    libshutdown.o(.ARM.Collect$$libshutdown$$00000000) refers (Special) to libshutdown2.o(.ARM.Collect$$libshutdown$$0000000E) for __rt_lib_shutdown_heap_1
    libshutdown.o(.ARM.Collect$$libshutdown$$00000000) refers (Special) to libshutdown2.o(.ARM.Collect$$libshutdown$$0000000F) for __rt_lib_shutdown_return
    libshutdown.o(.ARM.Collect$$libshutdown$$00000000) refers (Special) to libshutdown2.o(.ARM.Collect$$libshutdown$$00000009) for __rt_lib_shutdown_signal_1
    libshutdown.o(.ARM.Collect$$libshutdown$$00000000) refers (Special) to libshutdown2.o(.ARM.Collect$$libshutdown$$00000003) for __rt_lib_shutdown_stdio_1
    libshutdown.o(.ARM.Collect$$libshutdown$$00000000) refers (Special) to libshutdown2.o(.ARM.Collect$$libshutdown$$0000000B) for __rt_lib_shutdown_user_alloc_1
    sys_command.o(.text) refers (Special) to use_no_semi.o(.text) for __I$use$semihosting
    defsig_abrt_inner.o(.text) refers to defsig_general.o(.text) for __default_signal_display
    defsig_rtred_inner.o(.text) refers to defsig_general.o(.text) for __default_signal_display
    defsig_rtmem_inner.o(.text) refers to defsig_general.o(.text) for __default_signal_display
    defsig_rtmem_outer.o(.text) refers to defsig_rtmem_inner.o(.text) for __rt_SIGRTMEM_inner
    defsig_rtmem_outer.o(.text) refers to defsig_exit.o(.text) for __sig_exit
    defsig_rtmem_formal.o(.text) refers to rt_raise.o(.text) for __rt_raise
    defsig_stak_inner.o(.text) refers to defsig_general.o(.text) for __default_signal_display
    defsig_pvfn_inner.o(.text) refers to defsig_general.o(.text) for __default_signal_display
    defsig_cppl_inner.o(.text) refers to defsig_general.o(.text) for __default_signal_display
    defsig_segv_inner.o(.text) refers to defsig_general.o(.text) for __default_signal_display
    defsig_other.o(.text) refers to defsig_general.o(.text) for __default_signal_display


==============================================================================

Adding Veneers to the image

    Adding AT veneer (8 bytes, Inline) for call to '__rt_lib_init' from rtentry2.o(.ARM.Collect$$rtentry$$0000000A).
    Adding AT veneer (8 bytes, Inline) for call to '__rt_lib_shutdown' from rtexit2.o(.ARM.Collect$$rtexit$$00000003).
    Adding TA veneer (4 bytes, Inline) for call to '__rt_exit' from exit.o(.text).
    Adding AT veneer (8 bytes, Inline) for call to 'strstr' from esp01.o(.text).
    Adding AT veneer (8 bytes, Inline) for call to '_sys_exit' from rtexit2.o(.ARM.Collect$$rtexit$$00000004).
    Adding TA veneer (4 bytes, Inline) for call to '_fp_init' from libinit.o(.ARM.Collect$$libinit$$00000000).

6 Veneer(s) (total 40 bytes) added to the image.

==============================================================================

Image Symbol Table

    Local Symbols

    Symbol Name                              Value     Ov Type        Size  Object(Section)

    RESET                                    0x00000000   Section      272  startup.o(RESET)
    ../../angel/boardlib.s                   0x00000000   Number         0  boardinit2.o ABSOLUTE
    ../../angel/boardlib.s                   0x00000000   Number         0  boardinit1.o ABSOLUTE
    ../../angel/boardlib.s                   0x00000000   Number         0  boardinit3.o ABSOLUTE
    ../../angel/boardlib.s                   0x00000000   Number         0  boardshut.o ABSOLUTE
    ../../angel/dczerorl.s                   0x00000000   Number         0  __dczerorl.o ABSOLUTE
    ../../angel/handlers.s                   0x00000000   Number         0  __scatter_zi.o ABSOLUTE
    ../../angel/kernel.s                     0x00000000   Number         0  rtexit2.o ABSOLUTE
    ../../angel/kernel.s                     0x00000000   Number         0  rtexit.o ABSOLUTE
    ../../angel/kernel.s                     0x00000000   Number         0  rtentry4.o ABSOLUTE
    ../../angel/kernel.s                     0x00000000   Number         0  rtentry.o ABSOLUTE
    ../../angel/kernel.s                     0x00000000   Number         0  rtentry2.o ABSOLUTE
    ../../angel/rt.s                         0x00000000   Number         0  aeabi_idiv0_sigfpe.o ABSOLUTE
    ../../angel/rt.s                         0x00000000   Number         0  rt_fp_status_addr.o ABSOLUTE
    ../../angel/rt.s                         0x00000000   Number         0  rt_raise.o ABSOLUTE
    ../../angel/rt.s                         0x00000000   Number         0  rt_div0.o ABSOLUTE
    ../../angel/rt.s                         0x00000000   Number         0  aeabi_idiv0.o ABSOLUTE
    ../../angel/rt.s                         0x00000000   Number         0  rt_fp_status_addr_intlibspace.o ABSOLUTE
    ../../angel/scatter.s                    0x00000000   Number         0  __scatter.o ABSOLUTE
    ../../angel/startup.s                    0x00000000   Number         0  __main.o ABSOLUTE
    ../../angel/sys.s                        0x00000000   Number         0  libspace.o ABSOLUTE
    ../../angel/sys.s                        0x00000000   Number         0  sys_stackheap_outer.o ABSOLUTE
    ../../angel/sys.s                        0x00000000   Number         0  use_no_semi.o ABSOLUTE
    ../../angel/sysapp.c                     0x00000000   Number         0  sys_exit.o ABSOLUTE
    ../../angel/sysapp.c                     0x00000000   Number         0  sys_wrch.o ABSOLUTE
    ../../angel/sysapp.c                     0x00000000   Number         0  sys_command.o ABSOLUTE
    ../../armsys.c                           0x00000000   Number         0  argv_veneer.o ABSOLUTE
    ../../armsys.c                           0x00000000   Number         0  argv_veneer.o ABSOLUTE
    ../../armsys.c                           0x00000000   Number         0  _get_argv_nomalloc.o ABSOLUTE
    ../../armsys.c                           0x00000000   Number         0  no_argv.o ABSOLUTE
    ../../dcmpi.s                            0x00000000   Number         0  dcmpi.o ABSOLUTE
    ../../division.s                         0x00000000   Number         0  aeabi_sdiv.o ABSOLUTE
    ../../division.s                         0x00000000   Number         0  aeabi_sdiv_div0.o ABSOLUTE
    ../../divrt.s                            0x00000000   Number         0  divrt_7tdmi_div0.o ABSOLUTE
    ../../divrt.s                            0x00000000   Number         0  divrt_7tdmi.o ABSOLUTE
    ../../dleqf.s                            0x00000000   Number         0  dleqf.o ABSOLUTE
    ../../dnaninf.s                          0x00000000   Number         0  dnaninf.o ABSOLUTE
    ../../dretinf.s                          0x00000000   Number         0  dretinf.o ABSOLUTE
    ../../f2d.s                              0x00000000   Number         0  f2d.o ABSOLUTE
    ../../faddsub.s                          0x00000000   Number         0  faddsub_noclz.o ABSOLUTE
    ../../ffix.s                             0x00000000   Number         0  ffix.o ABSOLUTE
    ../../ffixu.s                            0x00000000   Number         0  ffixu.o ABSOLUTE
    ../../fflt.s                             0x00000000   Number         0  fflt_noclz.o ABSOLUTE
    ../../fmul.s                             0x00000000   Number         0  fmul.o ABSOLUTE
    ../../fnaninf.s                          0x00000000   Number         0  fnaninf.o ABSOLUTE
    ../../fpinit.s                           0x00000000   Number         0  fpinit.o ABSOLUTE
    ../../fretinf.s                          0x00000000   Number         0  fretinf.o ABSOLUTE
    ../../heapalloc.c                        0x00000000   Number         0  hrguard.o ABSOLUTE
    ../../heapaux.c                          0x00000000   Number         0  heapauxi.o ABSOLUTE
    ../../libinit.s                          0x00000000   Number         0  libshutdown2.o ABSOLUTE
    ../../libinit.s                          0x00000000   Number         0  libshutdown.o ABSOLUTE
    ../../libinit.s                          0x00000000   Number         0  libinit2.o ABSOLUTE
    ../../libinit.s                          0x00000000   Number         0  libinit.o ABSOLUTE
    ../../memcpset.s                         0x00000000   Number         0  rt_memclr.o ABSOLUTE
    ../../memcpset.s                         0x00000000   Number         0  rt_memclr_w.o ABSOLUTE
    ../../signal.c                           0x00000000   Number         0  defsig_general.o ABSOLUTE
    ../../signal.c                           0x00000000   Number         0  __raise.o ABSOLUTE
    ../../signal.c                           0x00000000   Number         0  defsig_other.o ABSOLUTE
    ../../signal.c                           0x00000000   Number         0  defsig_abrt_inner.o ABSOLUTE
    ../../signal.c                           0x00000000   Number         0  defsig_rtmem_inner.o ABSOLUTE
    ../../signal.c                           0x00000000   Number         0  defsig_fpe_inner.o ABSOLUTE
    ../../signal.c                           0x00000000   Number         0  defsig_fpe_outer.o ABSOLUTE
    ../../signal.c                           0x00000000   Number         0  defsig_fpe_formal.o ABSOLUTE
    ../../signal.c                           0x00000000   Number         0  defsig_exit.o ABSOLUTE
    ../../signal.c                           0x00000000   Number         0  defsig_rtmem_outer.o ABSOLUTE
    ../../signal.c                           0x00000000   Number         0  defsig_rtmem_formal.o ABSOLUTE
    ../../signal.c                           0x00000000   Number         0  defsig_stak_inner.o ABSOLUTE
    ../../signal.c                           0x00000000   Number         0  defsig_pvfn_inner.o ABSOLUTE
    ../../signal.c                           0x00000000   Number         0  defsig_cppl_inner.o ABSOLUTE
    ../../signal.c                           0x00000000   Number         0  defsig_rtred_inner.o ABSOLUTE
    ../../signal.c                           0x00000000   Number         0  defsig_segv_inner.o ABSOLUTE
    ../../signal.s                           0x00000000   Number         0  defsig.o ABSOLUTE
    ../../stdlib.c                           0x00000000   Number         0  exit.o ABSOLUTE
    ../../string.c                           0x00000000   Number         0  strstr.o ABSOLUTE
    ../../usenofp.s                          0x00000000   Number         0  usenofp.o ABSOLUTE
    Startup.s                                0x00000000   Number         0  startup.o ABSOLUTE
    dc.s                                     0x00000000   Number         0  dc.o ABSOLUTE
    delay.c                                  0x00000000   Number         0  delay.o ABSOLUTE
    dht11_eeprom.c                           0x00000000   Number         0  dht11_eeprom.o ABSOLUTE
    dht11_testa.c                            0x00000000   Number         0  dht11_testa.o ABSOLUTE
    dht11a.c                                 0x00000000   Number         0  dht11a.o ABSOLUTE
    eint0.c                                  0x00000000   Number         0  eint0.o ABSOLUTE
    esp01.c                                  0x00000000   Number         0  esp01.o ABSOLUTE
    i2c.c                                    0x00000000   Number         0  i2c.o ABSOLUTE
    i2c_eeprom.c                             0x00000000   Number         0  i2c_eeprom.o ABSOLUTE
    i2c_peripheral.c                         0x00000000   Number         0  i2c_peripheral.o ABSOLUTE
    interrupts.c                             0x00000000   Number         0  interrupts.o ABSOLUTE
    kpm.c                                    0x00000000   Number         0  kpm.o ABSOLUTE
    lcd.c                                    0x00000000   Number         0  lcd.o ABSOLUTE
    pin_connect_block.c                      0x00000000   Number         0  pin_connect_block.o ABSOLUTE
    rtc.c                                    0x00000000   Number         0  rtc.o ABSOLUTE
    rtc_based_cloud_updation.c               0x00000000   Number         0  rtc_based_cloud_updation.o ABSOLUTE
    setPointAction.c                         0x00000000   Number         0  setpointaction.o ABSOLUTE
    uart0.c                                  0x00000000   Number         0  uart0.o ABSOLUTE
    Undef_Handler                            0x00000040   ARM Code       4  startup.o(RESET)
    SWI_Handler                              0x00000044   ARM Code       4  startup.o(RESET)
    PAbt_Handler                             0x00000048   ARM Code       4  startup.o(RESET)
    DAbt_Handler                             0x0000004c   ARM Code       4  startup.o(RESET)
    IRQ_Handler                              0x00000050   ARM Code       4  startup.o(RESET)
    FIQ_Handler                              0x00000054   ARM Code       4  startup.o(RESET)
    !!!main                                  0x00000110   Section        8  __main.o(!!!main)
    !!!scatter                               0x00000118   Section       60  __scatter.o(!!!scatter)
    !!dczerorl                               0x00000154   Section       68  __dczerorl.o(!!dczerorl)
    !!handler_zi                             0x00000198   Section       44  __scatter_zi.o(!!handler_zi)
    .ARM.Collect$$libinit$$00000000          0x000001cc   Section        6  libinit.o(.ARM.Collect$$libinit$$00000000)
    .ARM.Collect$$libinit$$00000006          0x000001d2   Section        0  libinit2.o(.ARM.Collect$$libinit$$00000006)
    .ARM.Collect$$libinit$$00000008          0x000001d2   Section        0  libinit2.o(.ARM.Collect$$libinit$$00000008)
    .ARM.Collect$$libinit$$0000000A          0x000001d2   Section        0  libinit2.o(.ARM.Collect$$libinit$$0000000A)
    .ARM.Collect$$libinit$$0000000D          0x000001d2   Section        0  libinit2.o(.ARM.Collect$$libinit$$0000000D)
    .ARM.Collect$$libinit$$0000000F          0x000001d2   Section        0  libinit2.o(.ARM.Collect$$libinit$$0000000F)
    .ARM.Collect$$libinit$$00000011          0x000001d2   Section        0  libinit2.o(.ARM.Collect$$libinit$$00000011)
    .ARM.Collect$$libinit$$00000013          0x000001d2   Section        0  libinit2.o(.ARM.Collect$$libinit$$00000013)
    .ARM.Collect$$libinit$$00000015          0x000001d2   Section        0  libinit2.o(.ARM.Collect$$libinit$$00000015)
    .ARM.Collect$$libinit$$00000017          0x000001d2   Section        0  libinit2.o(.ARM.Collect$$libinit$$00000017)
    .ARM.Collect$$libinit$$00000019          0x000001d2   Section        0  libinit2.o(.ARM.Collect$$libinit$$00000019)
    .ARM.Collect$$libinit$$0000001B          0x000001d2   Section        0  libinit2.o(.ARM.Collect$$libinit$$0000001B)
    .ARM.Collect$$libinit$$0000001D          0x000001d2   Section        0  libinit2.o(.ARM.Collect$$libinit$$0000001D)
    .ARM.Collect$$libinit$$0000001F          0x000001d2   Section        0  libinit2.o(.ARM.Collect$$libinit$$0000001F)
    .ARM.Collect$$libinit$$00000021          0x000001d2   Section        0  libinit2.o(.ARM.Collect$$libinit$$00000021)
    .ARM.Collect$$libinit$$00000028          0x000001d2   Section        0  libinit2.o(.ARM.Collect$$libinit$$00000028)
    .ARM.Collect$$libinit$$0000002A          0x000001d2   Section        0  libinit2.o(.ARM.Collect$$libinit$$0000002A)
    .ARM.Collect$$libinit$$0000002C          0x000001d2   Section        0  libinit2.o(.ARM.Collect$$libinit$$0000002C)
    .ARM.Collect$$libinit$$0000002E          0x000001d2   Section        0  libinit2.o(.ARM.Collect$$libinit$$0000002E)
    .ARM.Collect$$libinit$$0000002F          0x000001d2   Section       12  libinit2.o(.ARM.Collect$$libinit$$0000002F)
    .ARM.Collect$$libshutdown$$00000000      0x000001e8   Section        4  libshutdown.o(.ARM.Collect$$libshutdown$$00000000)
    .ARM.Collect$$libshutdown$$00000003      0x000001ec   Section        0  libshutdown2.o(.ARM.Collect$$libshutdown$$00000003)
    .ARM.Collect$$libshutdown$$00000006      0x000001ec   Section        0  libshutdown2.o(.ARM.Collect$$libshutdown$$00000006)
    .ARM.Collect$$libshutdown$$00000009      0x000001ec   Section        0  libshutdown2.o(.ARM.Collect$$libshutdown$$00000009)
    .ARM.Collect$$libshutdown$$0000000B      0x000001ec   Section        0  libshutdown2.o(.ARM.Collect$$libshutdown$$0000000B)
    .ARM.Collect$$libshutdown$$0000000E      0x000001ec   Section        0  libshutdown2.o(.ARM.Collect$$libshutdown$$0000000E)
    .ARM.Collect$$libshutdown$$0000000F      0x000001ec   Section        6  libshutdown2.o(.ARM.Collect$$libshutdown$$0000000F)
    .ARM.Collect$$rtentry$$00000000          0x000001f4   Section        0  rtentry.o(.ARM.Collect$$rtentry$$00000000)
    .ARM.Collect$$rtentry$$00000002          0x000001f4   Section        0  rtentry2.o(.ARM.Collect$$rtentry$$00000002)
    .ARM.Collect$$rtentry$$00000004          0x000001f4   Section        8  rtentry4.o(.ARM.Collect$$rtentry$$00000004)
    .ARM.Collect$$rtentry$$00000009          0x000001fc   Section        0  rtentry2.o(.ARM.Collect$$rtentry$$00000009)
    .ARM.Collect$$rtentry$$0000000A          0x000001fc   Section        4  rtentry2.o(.ARM.Collect$$rtentry$$0000000A)
    .ARM.Collect$$rtentry$$0000000C          0x00000200   Section        0  rtentry2.o(.ARM.Collect$$rtentry$$0000000C)
    .ARM.Collect$$rtentry$$0000000D          0x00000200   Section       40  rtentry2.o(.ARM.Collect$$rtentry$$0000000D)
    .ARM.Collect$$rtexit$$00000000           0x0000022c   Section        4  rtexit.o(.ARM.Collect$$rtexit$$00000000)
    .ARM.Collect$$rtexit$$00000002           0x00000230   Section        0  rtexit2.o(.ARM.Collect$$rtexit$$00000002)
    .ARM.Collect$$rtexit$$00000003           0x00000230   Section        4  rtexit2.o(.ARM.Collect$$rtexit$$00000003)
    .ARM.Collect$$rtexit$$00000004           0x00000234   Section        8  rtexit2.o(.ARM.Collect$$rtexit$$00000004)
    .text                                    0x0000023c   Section       32  startup.o(.text)
    .text                                    0x0000025c   Section        0  uart0.o(.text)
    .text                                    0x000004c0   Section        0  delay.o(.text)
    .text                                    0x0000051c   Section        0  esp01.o(.text)
    .text                                    0x00000ea8   Section        0  lcd.o(.text)
    .text                                    0x00001190   Section        0  dht11_eeprom.o(.text)
    .text                                    0x000012e4   Section        0  i2c.o(.text)
    .text                                    0x0000141c   Section        0  i2c_eeprom.o(.text)
    .text                                    0x000015b8   Section        0  i2c_peripheral.o(.text)
    .text                                    0x00001600   Section        0  pin_connect_block.o(.text)
    .text                                    0x00001684   Section        0  rtc_based_cloud_updation.o(.text)
    .text                                    0x00001888   Section        0  eint0.o(.text)
    .text                                    0x00001908   Section        0  interrupts.o(.text)
    .text                                    0x00001d90   Section        0  kpm.o(.text)
    .text                                    0x00001ecc   Section        0  rtc.o(.text)
    .text                                    0x00001efc   Section        0  setpointaction.o(.text)
    .text                                    0x00001f3c   Section        0  dht11a.o(.text)
    .text                                    0x0000208c   Section        0  dht11_testa.o(.text)
    .text                                    0x00002288   Section        0  strstr.o(.text)
    .text                                    0x000022b4   Section       64  rt_memclr.o(.text)
    .text                                    0x000022f4   Section      384  aeabi_sdiv.o(.text)
    __arm_div8                               0x00002320   ARM Code       0  aeabi_sdiv.o(.text)
    __arm_div5                               0x00002344   ARM Code       0  aeabi_sdiv.o(.text)
    __arm_div2                               0x00002368   ARM Code       0  aeabi_sdiv.o(.text)
    __arm_div_large                          0x000023a4   ARM Code       0  aeabi_sdiv.o(.text)
    .text                                    0x00002474   Section        0  heapauxi.o(.text)
    .text                                    0x0000247c   Section       84  rt_memclr_w.o(.text)
    .text                                    0x000024d0   Section       96  sys_stackheap_outer.o(.text)
    .text                                    0x00002530   Section        0  exit.o(.text)
    .text                                    0x0000253c   Section       12  libspace.o(.text)
    .text                                    0x00002550   Section        0  sys_exit.o(.text)
    .text                                    0x0000255c   Section       16  rt_fp_status_addr_intlibspace.o(.text)
    .text                                    0x0000256c   Section        4  use_no_semi.o(.text)
    .text_udiv                               0x00002570   Section       36  aeabi_sdiv.o(.text_udiv)
    x$fpl$dcmpinf                            0x00002594   Section       28  dcmpi.o(x$fpl$dcmpinf)
    x$fpl$dleqf                              0x000025b0   Section      148  dleqf.o(x$fpl$dleqf)
    x$fpl$dnaninf                            0x00002644   Section      192  dnaninf.o(x$fpl$dnaninf)
    x$fpl$dretinf                            0x00002704   Section       16  dretinf.o(x$fpl$dretinf)
    x$fpl$f2d                                0x00002714   Section      100  f2d.o(x$fpl$f2d)
    x$fpl$fadd                               0x00002778   Section      196  faddsub_noclz.o(x$fpl$fadd)
    _fadd1                                   0x00002784   ARM Code       0  faddsub_noclz.o(x$fpl$fadd)
    x$fpl$ffix                               0x0000283c   Section       68  ffix.o(x$fpl$ffix)
    x$fpl$ffixu                              0x00002880   Section       84  ffixu.o(x$fpl$ffixu)
    x$fpl$fflt                               0x000028d4   Section       92  fflt_noclz.o(x$fpl$fflt)
    x$fpl$ffltu                              0x00002930   Section        8  fflt_noclz.o(x$fpl$ffltu)
    x$fpl$fmul                               0x00002938   Section      256  fmul.o(x$fpl$fmul)
    x$fpl$fnaninf                            0x00002a38   Section      168  fnaninf.o(x$fpl$fnaninf)
    x$fpl$fpinit                             0x00002ae4   Section       24  fpinit.o(x$fpl$fpinit)
    x$fpl$fretinf                            0x00002afc   Section       16  fretinf.o(x$fpl$fretinf)
    x$fpl$frsb                               0x00002b0c   Section       20  faddsub_noclz.o(x$fpl$frsb)
    x$fpl$fsub                               0x00002b20   Section      304  faddsub_noclz.o(x$fpl$fsub)
    _fsub1                                   0x00002b2c   ARM Code       0  faddsub_noclz.o(x$fpl$fsub)
    .conststring                             0x00002c50   Section       30  interrupts.o(.conststring)
    x$fpl$usenofp                            0x00002c50   Section        0  usenofp.o(x$fpl$usenofp)
    .data                                    0x40000000   Section      204  uart0.o(.data)
    .data                                    0x400000cc   Section        1  dht11_eeprom.o(.data)
    .data                                    0x400000cd   Section        3  rtc_based_cloud_updation.o(.data)
    .data                                    0x400000d0   Section        1  eint0.o(.data)
    .data                                    0x400000d4   Section       24  interrupts.o(.data)
    .data                                    0x400000ec   Section       64  kpm.o(.data)
    .bss                                     0x4000012c   Section       30  rtc_based_cloud_updation.o(.bss)
    str                                      0x4000012c   Data          10  rtc_based_cloud_updation.o(.bss)
    .bss                                     0x4000014c   Section       96  libspace.o(.bss)
    HEAP                                     0x400001b0   Section        0  startup.o(HEAP)
    STACK                                    0x400001b0   Section     1160  startup.o(STACK)
    Heap_Mem                                 0x400001b0   Data           0  startup.o(HEAP)
    Stack_Mem                                0x400001b0   Data        1024  startup.o(STACK)
    Stack_Top                                0x40000638   Data           0  startup.o(STACK)

    Global Symbols

    Symbol Name                              Value     Ov Type        Size  Object(Section)

    BuildAttributes$$THM_ISAv1$ARM_ISAv4$S$PE$A:L22$X:L11$S22$IEEE1$IW$USESV6$~STKCKD$USESV7$~SHL$OSPACE$ROPI$EBA8$UX$STANDARDLIB$REQ8$PRES8$EABIv2 0x00000000   Number         0  anon$$obj.o ABSOLUTE
    __ARM_use_no_argv                        0x00000000   Number         0  dht11_testa.o ABSOLUTE
    __ARM_exceptions_init                     - Undefined Weak Reference
    __alloca_initialize                       - Undefined Weak Reference
    __cpp_initialize__aeabi_                  - Undefined Weak Reference
    __cxa_finalize                            - Undefined Weak Reference
    __rt_locale                               - Undefined Weak Reference
    __sigvec_lookup                           - Undefined Weak Reference
    _atexit_init                              - Undefined Weak Reference
    _call_atexit_fns                          - Undefined Weak Reference
    _clock_init                               - Undefined Weak Reference
    _fp_trap_init                             - Undefined Weak Reference
    _fp_trap_shutdown                         - Undefined Weak Reference
    _get_lc_collate                           - Undefined Weak Reference
    _get_lc_ctype                             - Undefined Weak Reference
    _get_lc_monetary                          - Undefined Weak Reference
    _get_lc_numeric                           - Undefined Weak Reference
    _get_lc_time                              - Undefined Weak Reference
    _getenv_init                              - Undefined Weak Reference
    _handle_redirection                       - Undefined Weak Reference
    _init_alloc                               - Undefined Weak Reference
    _init_user_alloc                          - Undefined Weak Reference
    _initio                                   - Undefined Weak Reference
    _rand_init                                - Undefined Weak Reference
    _signal_finish                            - Undefined Weak Reference
    _signal_init                              - Undefined Weak Reference
    _terminate_alloc                          - Undefined Weak Reference
    _terminate_user_alloc                     - Undefined Weak Reference
    _terminateio                              - Undefined Weak Reference
    Reset_Handler                            0x00000058   ARM Code       0  startup.o(RESET)
    __main                                   0x00000110   ARM Code       8  __main.o(!!!main)
    __scatterload                            0x00000118   ARM Code       0  __scatter.o(!!!scatter)
    __scatterload_rt2                        0x00000118   ARM Code      52  __scatter.o(!!!scatter)
    __scatterload_null                       0x0000012c   ARM Code       0  __scatter.o(!!!scatter)
    __decompress                             0x00000154   ARM Code      68  __dczerorl.o(!!dczerorl)
    __decompress0                            0x00000154   ARM Code       0  __dczerorl.o(!!dczerorl)
    __scatterload_zeroinit                   0x00000198   ARM Code      44  __scatter_zi.o(!!handler_zi)
    Inline ARM to Thumb Veneer to __rt_lib_init 0x000001c4   ARM Code       8  libinit.o(.ARM.Collect$$libinit$$00000000)
    __rt_lib_init                            0x000001cd   Thumb Code     0  libinit.o(.ARM.Collect$$libinit$$00000000)
    __rt_lib_init_alloca_1                   0x000001d3   Thumb Code     0  libinit2.o(.ARM.Collect$$libinit$$0000002A)
    __rt_lib_init_argv_1                     0x000001d3   Thumb Code     0  libinit2.o(.ARM.Collect$$libinit$$00000028)
    __rt_lib_init_atexit_1                   0x000001d3   Thumb Code     0  libinit2.o(.ARM.Collect$$libinit$$00000017)
    __rt_lib_init_clock_1                    0x000001d3   Thumb Code     0  libinit2.o(.ARM.Collect$$libinit$$0000001D)
    __rt_lib_init_cpp_1                      0x000001d3   Thumb Code     0  libinit2.o(.ARM.Collect$$libinit$$0000002E)
    __rt_lib_init_exceptions_1               0x000001d3   Thumb Code     0  libinit2.o(.ARM.Collect$$libinit$$0000002C)
    __rt_lib_init_fp_trap_1                  0x000001d3   Thumb Code     0  libinit2.o(.ARM.Collect$$libinit$$0000001B)
    __rt_lib_init_getenv_1                   0x000001d3   Thumb Code     0  libinit2.o(.ARM.Collect$$libinit$$0000001F)
    __rt_lib_init_heap_1                     0x000001d3   Thumb Code     0  libinit2.o(.ARM.Collect$$libinit$$00000006)
    __rt_lib_init_lc_collate_1               0x000001d3   Thumb Code     0  libinit2.o(.ARM.Collect$$libinit$$0000000D)
    __rt_lib_init_lc_ctype_1                 0x000001d3   Thumb Code     0  libinit2.o(.ARM.Collect$$libinit$$0000000F)
    __rt_lib_init_lc_monetary_1              0x000001d3   Thumb Code     0  libinit2.o(.ARM.Collect$$libinit$$00000011)
    __rt_lib_init_lc_numeric_1               0x000001d3   Thumb Code     0  libinit2.o(.ARM.Collect$$libinit$$00000013)
    __rt_lib_init_lc_time_1                  0x000001d3   Thumb Code     0  libinit2.o(.ARM.Collect$$libinit$$00000015)
    __rt_lib_init_rand_1                     0x000001d3   Thumb Code     0  libinit2.o(.ARM.Collect$$libinit$$0000000A)
    __rt_lib_init_return                     0x000001d3   Thumb Code     0  libinit2.o(.ARM.Collect$$libinit$$0000002F)
    __rt_lib_init_signal_1                   0x000001d3   Thumb Code     0  libinit2.o(.ARM.Collect$$libinit$$00000019)
    __rt_lib_init_stdio_1                    0x000001d3   Thumb Code     0  libinit2.o(.ARM.Collect$$libinit$$00000021)
    __rt_lib_init_user_alloc_1               0x000001d3   Thumb Code     0  libinit2.o(.ARM.Collect$$libinit$$00000008)
    Inline ARM to Thumb Veneer to __rt_lib_shutdown 0x000001e0   ARM Code       8  libshutdown.o(.ARM.Collect$$libshutdown$$00000000)
    __rt_lib_shutdown                        0x000001e9   Thumb Code     0  libshutdown.o(.ARM.Collect$$libshutdown$$00000000)
    __rt_lib_shutdown_fp_trap_1              0x000001ed   Thumb Code     0  libshutdown2.o(.ARM.Collect$$libshutdown$$00000006)
    __rt_lib_shutdown_heap_1                 0x000001ed   Thumb Code     0  libshutdown2.o(.ARM.Collect$$libshutdown$$0000000E)
    __rt_lib_shutdown_return                 0x000001ed   Thumb Code     0  libshutdown2.o(.ARM.Collect$$libshutdown$$0000000F)
    __rt_lib_shutdown_signal_1               0x000001ed   Thumb Code     0  libshutdown2.o(.ARM.Collect$$libshutdown$$00000009)
    __rt_lib_shutdown_stdio_1                0x000001ed   Thumb Code     0  libshutdown2.o(.ARM.Collect$$libshutdown$$00000003)
    __rt_lib_shutdown_user_alloc_1           0x000001ed   Thumb Code     0  libshutdown2.o(.ARM.Collect$$libshutdown$$0000000B)
    __rt_entry                               0x000001f4   ARM Code       0  rtentry.o(.ARM.Collect$$rtentry$$00000000)
    __rt_entry_presh_1                       0x000001f4   ARM Code       0  rtentry2.o(.ARM.Collect$$rtentry$$00000002)
    __rt_entry_sh                            0x000001f4   ARM Code       0  rtentry4.o(.ARM.Collect$$rtentry$$00000004)
    __rt_entry_li                            0x000001fc   ARM Code       0  rtentry2.o(.ARM.Collect$$rtentry$$0000000A)
    __rt_entry_postsh_1                      0x000001fc   ARM Code       0  rtentry2.o(.ARM.Collect$$rtentry$$00000009)
    __rt_entry_main                          0x00000200   ARM Code       0  rtentry2.o(.ARM.Collect$$rtentry$$0000000D)
    __rt_entry_postli_1                      0x00000200   ARM Code       0  rtentry2.o(.ARM.Collect$$rtentry$$0000000C)
    Inline Thumb to ARM Veneer to __rt_exit  0x00000229   Thumb Code     4  rtexit.o(.ARM.Collect$$rtexit$$00000000)
    __rt_exit                                0x0000022c   ARM Code       0  rtexit.o(.ARM.Collect$$rtexit$$00000000)
    __rt_exit_ls                             0x00000230   ARM Code       0  rtexit2.o(.ARM.Collect$$rtexit$$00000003)
    __rt_exit_prels_1                        0x00000230   ARM Code       0  rtexit2.o(.ARM.Collect$$rtexit$$00000002)
    __rt_exit_exit                           0x00000234   ARM Code       0  rtexit2.o(.ARM.Collect$$rtexit$$00000004)
    __user_initial_stackheap                 0x0000023c   ARM Code       0  startup.o(.text)
    UART0_isr                                0x0000025c   ARM Code     132  uart0.o(.text)
    InitUART0                                0x000002e0   ARM Code     100  uart0.o(.text)
    UART0_Tx                                 0x00000344   ARM Code      32  uart0.o(.text)
    UART0_Rx                                 0x00000364   ARM Code      32  uart0.o(.text)
    UART0_Str                                0x00000384   ARM Code      40  uart0.o(.text)
    UART0_Int                                0x000003ac   ARM Code     148  uart0.o(.text)
    UART0_Float                              0x00000440   ARM Code     100  uart0.o(.text)
    delayMS                                  0x000004c0   ARM Code      28  delay.o(.text)
    delayUS                                  0x000004dc   ARM Code      28  delay.o(.text)
    delayS                                   0x000004f8   ARM Code      28  delay.o(.text)
    esp01_connectAP                          0x0000051c   ARM Code    1228  esp01.o(.text)
    esp01_sendToThingspeak                   0x000009e8   ARM Code    1124  esp01.o(.text)
    WriteLCD                                 0x00000ea8   ARM Code      84  lcd.o(.text)
    cmdLCD                                   0x00000efc   ARM Code      36  lcd.o(.text)
    Init_LCD                                 0x00000f20   ARM Code     124  lcd.o(.text)
    charLCD                                  0x00000f9c   ARM Code      36  lcd.o(.text)
    strLCD                                   0x00000fc0   ARM Code      40  lcd.o(.text)
    u32LCD                                   0x00000fe8   ARM Code     128  lcd.o(.text)
    s32LCD                                   0x00001068   ARM Code      44  lcd.o(.text)
    f32LCD                                   0x00001094   ARM Code     168  lcd.o(.text)
    buildCGRAM                               0x0000113c   ARM Code      76  lcd.o(.text)
    store_DHT11_to_EEPROM                    0x00001190   ARM Code     212  dht11_eeprom.o(.text)
    read_DHT11_record                        0x00001264   ARM Code      68  dht11_eeprom.o(.text)
    i2c_Start                                0x000012e4   ARM Code      52  i2c.o(.text)
    i2c_Stop                                 0x00001318   ARM Code      24  i2c.o(.text)
    i2c_ReStart                              0x00001330   ARM Code      60  i2c.o(.text)
    i2c_Write                                0x0000136c   ARM Code      48  i2c.o(.text)
    i2c_NAck                                 0x0000139c   ARM Code      56  i2c.o(.text)
    i2c_MAck                                 0x000013d4   ARM Code      68  i2c.o(.text)
    i2c_eeprom_byteWrite                     0x0000141c   ARM Code      76  i2c_eeprom.o(.text)
    i2c_eeprom_randomRead                    0x00001468   ARM Code      88  i2c_eeprom.o(.text)
    i2c_eeprom_pageWrite                     0x000014c0   ARM Code     104  i2c_eeprom.o(.text)
    i2c_eeprom_seqRead                       0x00001528   ARM Code     144  i2c_eeprom.o(.text)
    Init_i2c                                 0x000015b8   ARM Code      68  i2c_peripheral.o(.text)
    cfgPortPinFunc                           0x00001600   ARM Code     128  pin_connect_block.o(.text)
    mystrlen                                 0x00001684   ARM Code      32  rtc_based_cloud_updation.o(.text)
    mystrev                                  0x000016a4   ARM Code      72  rtc_based_cloud_updation.o(.text)
    convertToStr                             0x000016ec   ARM Code     164  rtc_based_cloud_updation.o(.text)
    mystrcpy                                 0x00001790   ARM Code      48  rtc_based_cloud_updation.o(.text)
    updateToCloud                            0x000017c0   ARM Code     172  rtc_based_cloud_updation.o(.text)
    eint2_isr                                0x00001888   ARM Code      44  eint0.o(.text)
    Init_eint2                               0x000018b4   ARM Code      76  eint0.o(.text)
    RTC_ISR                                  0x00001908   ARM Code     152  interrupts.o(.text)
    RTC_nmin_Alarm                           0x000019a0   ARM Code      76  interrupts.o(.text)
    showMenu                                 0x000019ec   ARM Code      80  interrupts.o(.text)
    viewDataScreen                           0x00001a3c   ARM Code     124  interrupts.o(.text)
    setTemperatureScreen                     0x00001ab8   ARM Code     504  interrupts.o(.text)
    menuHandler                              0x00001cb0   ARM Code     224  interrupts.o(.text)
    Init_KPM                                 0x00001d90   ARM Code      24  kpm.o(.text)
    colScan                                  0x00001da8   ARM Code      40  kpm.o(.text)
    RowCheck                                 0x00001dd0   ARM Code     108  kpm.o(.text)
    ColCheck                                 0x00001e3c   ARM Code      76  kpm.o(.text)
    KeyScan                                  0x00001e88   ARM Code      60  kpm.o(.text)
    Init_RTC                                 0x00001ecc   ARM Code      40  rtc.o(.text)
    setPointAction                           0x00001efc   ARM Code      60  setpointaction.o(.text)
    dht11_request                            0x00001f3c   ARM Code      84  dht11a.o(.text)
    dht11_response                           0x00001f90   ARM Code     104  dht11a.o(.text)
    dht11_data                               0x00001ff8   ARM Code     144  dht11a.o(.text)
    main                                     0x0000208c   ARM Code     404  dht11_testa.o(.text)
    Inline ARM to Thumb Veneer to strstr     0x00002280   ARM Code       8  strstr.o(.text)
    strstr                                   0x00002289   Thumb Code    42  strstr.o(.text)
    __aeabi_memclr                           0x000022b4   ARM Code       0  rt_memclr.o(.text)
    __rt_memclr                              0x000022b4   ARM Code      64  rt_memclr.o(.text)
    _memset                                  0x000022b8   ARM Code       0  rt_memclr.o(.text)
    __aeabi_idiv                             0x000022f4   ARM Code       0  aeabi_sdiv.o(.text)
    __aeabi_idivmod                          0x000022f4   ARM Code     384  aeabi_sdiv.o(.text)
    __use_two_region_memory                  0x00002475   Thumb Code     2  heapauxi.o(.text)
    __rt_heap_escrow$2region                 0x00002477   Thumb Code     2  heapauxi.o(.text)
    __rt_heap_expand$2region                 0x00002479   Thumb Code     2  heapauxi.o(.text)
    __aeabi_memclr4                          0x0000247c   ARM Code       0  rt_memclr_w.o(.text)
    __aeabi_memclr8                          0x0000247c   ARM Code       0  rt_memclr_w.o(.text)
    __rt_memclr_w                            0x0000247c   ARM Code      84  rt_memclr_w.o(.text)
    _memset_w                                0x00002480   ARM Code       0  rt_memclr_w.o(.text)
    __user_setup_stackheap                   0x000024d0   ARM Code      96  sys_stackheap_outer.o(.text)
    exit                                     0x00002531   Thumb Code    12  exit.o(.text)
    __user_libspace                          0x0000253c   ARM Code      12  libspace.o(.text)
    __user_perproc_libspace                  0x0000253c   ARM Code       0  libspace.o(.text)
    __user_perthread_libspace                0x0000253c   ARM Code       0  libspace.o(.text)
    Inline ARM to Thumb Veneer to _sys_exit  0x00002548   ARM Code       8  sys_exit.o(.text)
    _sys_exit                                0x00002551   Thumb Code     8  sys_exit.o(.text)
    __rt_fp_status_addr                      0x0000255c   ARM Code      16  rt_fp_status_addr_intlibspace.o(.text)
    __I$use$semihosting                      0x0000256c   ARM Code       0  use_no_semi.o(.text)
    __use_no_semihosting_swi                 0x0000256c   ARM Code       4  use_no_semi.o(.text)
    __aeabi_uidiv                            0x00002570   ARM Code       0  aeabi_sdiv.o(.text_udiv)
    __aeabi_uidivmod                         0x00002570   ARM Code      36  aeabi_sdiv.o(.text_udiv)
    __fpl_dcmp_Inf                           0x00002594   ARM Code      28  dcmpi.o(x$fpl$dcmpinf)
    __aeabi_cdcmple                          0x000025b0   ARM Code       0  dleqf.o(x$fpl$dleqf)
    _dcmple                                  0x000025b0   ARM Code     148  dleqf.o(x$fpl$dleqf)
    __fpl_dcmple_InfNaN                      0x0000262c   ARM Code       0  dleqf.o(x$fpl$dleqf)
    __fpl_dnaninf                            0x00002644   ARM Code     192  dnaninf.o(x$fpl$dnaninf)
    __fpl_dretinf                            0x00002704   ARM Code      16  dretinf.o(x$fpl$dretinf)
    __aeabi_f2d                              0x00002714   ARM Code       0  f2d.o(x$fpl$f2d)
    _f2d                                     0x00002714   ARM Code     100  f2d.o(x$fpl$f2d)
    __aeabi_fadd                             0x00002778   ARM Code       0  faddsub_noclz.o(x$fpl$fadd)
    _fadd                                    0x00002778   ARM Code     196  faddsub_noclz.o(x$fpl$fadd)
    __aeabi_f2iz                             0x0000283c   ARM Code       0  ffix.o(x$fpl$ffix)
    _ffix                                    0x0000283c   ARM Code      68  ffix.o(x$fpl$ffix)
    __aeabi_f2uiz                            0x00002880   ARM Code       0  ffixu.o(x$fpl$ffixu)
    _ffixu                                   0x00002880   ARM Code      84  ffixu.o(x$fpl$ffixu)
    __aeabi_i2f                              0x000028d4   ARM Code       0  fflt_noclz.o(x$fpl$fflt)
    _fflt                                    0x000028d4   ARM Code      92  fflt_noclz.o(x$fpl$fflt)
    __fflt_normalise                         0x000028e0   ARM Code       0  fflt_noclz.o(x$fpl$fflt)
    __aeabi_ui2f                             0x00002930   ARM Code       0  fflt_noclz.o(x$fpl$ffltu)
    _ffltu                                   0x00002930   ARM Code       8  fflt_noclz.o(x$fpl$ffltu)
    __aeabi_fmul                             0x00002938   ARM Code       0  fmul.o(x$fpl$fmul)
    _fmul                                    0x00002938   ARM Code     256  fmul.o(x$fpl$fmul)
    __fpl_fnaninf                            0x00002a38   ARM Code     168  fnaninf.o(x$fpl$fnaninf)
    Inline Thumb to ARM Veneer to _fp_init   0x00002ae1   Thumb Code     4  fpinit.o(x$fpl$fpinit)
    _fp_init                                 0x00002ae4   ARM Code      24  fpinit.o(x$fpl$fpinit)
    __fplib_config_pureend_doubles           0x00002af4   ARM Code       0  fpinit.o(x$fpl$fpinit)
    __fpl_fretinf                            0x00002afc   ARM Code      16  fretinf.o(x$fpl$fretinf)
    __aeabi_frsub                            0x00002b0c   ARM Code       0  faddsub_noclz.o(x$fpl$frsb)
    _frsb                                    0x00002b0c   ARM Code      20  faddsub_noclz.o(x$fpl$frsb)
    __aeabi_fsub                             0x00002b20   ARM Code       0  faddsub_noclz.o(x$fpl$fsub)
    _fsub                                    0x00002b20   ARM Code     304  faddsub_noclz.o(x$fpl$fsub)
    __I$use$fp                               0x00002c50   ARM Code       0  usenofp.o(x$fpl$usenofp)
    Region$$Table$$Base                      0x00002c70   Number         0  anon$$obj.o(Region$$Table)
    Region$$Table$$Limit                     0x00002c90   Number         0  anon$$obj.o(Region$$Table)
    buff                                     0x40000000   Data         200  uart0.o(.data)
    i                                        0x400000c8   Data           1  uart0.o(.data)
    dummy                                    0x400000c9   Data           1  uart0.o(.data)
    ch                                       0x400000ca   Data           1  uart0.o(.data)
    r_flag                                   0x400000cb   Data           1  uart0.o(.data)
    eeprom_index                             0x400000cc   Data           1  dht11_eeprom.o(.data)
    ind                                      0x400000cd   Data           1  rtc_based_cloud_updation.o(.data)
    humid                                    0x400000ce   Data           1  rtc_based_cloud_updation.o(.data)
    temper                                   0x400000cf   Data           1  rtc_based_cloud_updation.o(.data)
    menu_flag                                0x400000d0   Data           1  eint0.o(.data)
    menuList                                 0x400000d4   Data          12  interrupts.o(.data)
    setPoint                                 0x400000e0   Data           1  interrupts.o(.data)
    minute_count                             0x400000e4   Data           4  interrupts.o(.data)
    cloud_update_flag                        0x400000e8   Data           4  interrupts.o(.data)
    kpmLUT                                   0x400000ec   Data          64  kpm.o(.data)
    hBuff                                    0x40000136   Data          10  rtc_based_cloud_updation.o(.bss)
    tBuff                                    0x40000140   Data          10  rtc_based_cloud_updation.o(.bss)
    __libspace_start                         0x4000014c   Data          96  libspace.o(.bss)
    __temporary_stack_top$libspace           0x400001ac   Data           0  libspace.o(.bss)



==============================================================================

Memory Map of the image

  Image Entry point : 0x00000110

  Load Region LR_IROM1 (Base: 0x00000000, Size: 0x00002dbc, Max: 0x00080000, ABSOLUTE, COMPRESSED[0x00002cc4])

    Execution Region ER_IROM1 (Base: 0x00000000, Size: 0x00002c90, Max: 0x00080000, ABSOLUTE)

    Base Addr    Size         Type   Attr      Idx    E Section Name        Object

    0x00000000   0x00000110   Code   RO            3    RESET               startup.o
    0x00000110   0x00000008   Code   RO          350  * !!!main             c_t.l(__main.o)(c_t.l)
    0x00000118   0x0000003c   Code   RO          563    !!!scatter          c_t.l(__scatter.o)(c_t.l)
    0x00000154   0x00000044   Code   RO          561    !!dczerorl          c_t.l(__dczerorl.o)(c_t.l)
    0x00000198   0x0000002c   Code   RO          565    !!handler_zi        c_t.l(__scatter_zi.o)(c_t.l)
    0x000001c4   0x00000008   Ven    RO          429    .ARM.Collect$$libinit$$00000000  c_t.l(libinit.o)(c_t.l)
    0x000001cc   0x00000006   Code   RO          429    .ARM.Collect$$libinit$$00000000  c_t.l(libinit.o)(c_t.l)
    0x000001d2   0x00000000   Code   RO          443    .ARM.Collect$$libinit$$00000006  c_t.l(libinit2.o)(c_t.l)
    0x000001d2   0x00000000   Code   RO          445    .ARM.Collect$$libinit$$00000008  c_t.l(libinit2.o)(c_t.l)
    0x000001d2   0x00000000   Code   RO          447    .ARM.Collect$$libinit$$0000000A  c_t.l(libinit2.o)(c_t.l)
    0x000001d2   0x00000000   Code   RO          450    .ARM.Collect$$libinit$$0000000D  c_t.l(libinit2.o)(c_t.l)
    0x000001d2   0x00000000   Code   RO          452    .ARM.Collect$$libinit$$0000000F  c_t.l(libinit2.o)(c_t.l)
    0x000001d2   0x00000000   Code   RO          454    .ARM.Collect$$libinit$$00000011  c_t.l(libinit2.o)(c_t.l)
    0x000001d2   0x00000000   Code   RO          456    .ARM.Collect$$libinit$$00000013  c_t.l(libinit2.o)(c_t.l)
    0x000001d2   0x00000000   Code   RO          458    .ARM.Collect$$libinit$$00000015  c_t.l(libinit2.o)(c_t.l)
    0x000001d2   0x00000000   Code   RO          460    .ARM.Collect$$libinit$$00000017  c_t.l(libinit2.o)(c_t.l)
    0x000001d2   0x00000000   Code   RO          462    .ARM.Collect$$libinit$$00000019  c_t.l(libinit2.o)(c_t.l)
    0x000001d2   0x00000000   Code   RO          464    .ARM.Collect$$libinit$$0000001B  c_t.l(libinit2.o)(c_t.l)
    0x000001d2   0x00000000   Code   RO          466    .ARM.Collect$$libinit$$0000001D  c_t.l(libinit2.o)(c_t.l)
    0x000001d2   0x00000000   Code   RO          468    .ARM.Collect$$libinit$$0000001F  c_t.l(libinit2.o)(c_t.l)
    0x000001d2   0x00000000   Code   RO          470    .ARM.Collect$$libinit$$00000021  c_t.l(libinit2.o)(c_t.l)
    0x000001d2   0x00000000   Code   RO          474    .ARM.Collect$$libinit$$00000028  c_t.l(libinit2.o)(c_t.l)
    0x000001d2   0x00000000   Code   RO          476    .ARM.Collect$$libinit$$0000002A  c_t.l(libinit2.o)(c_t.l)
    0x000001d2   0x00000000   Code   RO          478    .ARM.Collect$$libinit$$0000002C  c_t.l(libinit2.o)(c_t.l)
    0x000001d2   0x00000000   Code   RO          480    .ARM.Collect$$libinit$$0000002E  c_t.l(libinit2.o)(c_t.l)
    0x000001d2   0x0000000c   Code   RO          481    .ARM.Collect$$libinit$$0000002F  c_t.l(libinit2.o)(c_t.l)
    0x000001de   0x00000002   PAD
    0x000001e0   0x00000008   Ven    RO          519    .ARM.Collect$$libshutdown$$00000000  c_t.l(libshutdown.o)(c_t.l)
    0x000001e8   0x00000004   Code   RO          519    .ARM.Collect$$libshutdown$$00000000  c_t.l(libshutdown.o)(c_t.l)
    0x000001ec   0x00000000   Code   RO          546    .ARM.Collect$$libshutdown$$00000003  c_t.l(libshutdown2.o)(c_t.l)
    0x000001ec   0x00000000   Code   RO          549    .ARM.Collect$$libshutdown$$00000006  c_t.l(libshutdown2.o)(c_t.l)
    0x000001ec   0x00000000   Code   RO          552    .ARM.Collect$$libshutdown$$00000009  c_t.l(libshutdown2.o)(c_t.l)
    0x000001ec   0x00000000   Code   RO          554    .ARM.Collect$$libshutdown$$0000000B  c_t.l(libshutdown2.o)(c_t.l)
    0x000001ec   0x00000000   Code   RO          557    .ARM.Collect$$libshutdown$$0000000E  c_t.l(libshutdown2.o)(c_t.l)
    0x000001ec   0x00000006   Code   RO          558    .ARM.Collect$$libshutdown$$0000000F  c_t.l(libshutdown2.o)(c_t.l)
    0x000001f2   0x00000002   PAD
    0x000001f4   0x00000000   Code   RO          376    .ARM.Collect$$rtentry$$00000000  c_t.l(rtentry.o)(c_t.l)
    0x000001f4   0x00000000   Code   RO          396    .ARM.Collect$$rtentry$$00000002  c_t.l(rtentry2.o)(c_t.l)
    0x000001f4   0x00000008   Code   RO          411    .ARM.Collect$$rtentry$$00000004  c_t.l(rtentry4.o)(c_t.l)
    0x000001fc   0x00000000   Code   RO          398    .ARM.Collect$$rtentry$$00000009  c_t.l(rtentry2.o)(c_t.l)
    0x000001fc   0x00000004   Code   RO          399    .ARM.Collect$$rtentry$$0000000A  c_t.l(rtentry2.o)(c_t.l)
    0x00000200   0x00000000   Code   RO          401    .ARM.Collect$$rtentry$$0000000C  c_t.l(rtentry2.o)(c_t.l)
    0x00000200   0x00000028   Code   RO          402    .ARM.Collect$$rtentry$$0000000D  c_t.l(rtentry2.o)(c_t.l)
    0x00000228   0x00000004   Ven    RO          433    .ARM.Collect$$rtexit$$00000000  c_t.l(rtexit.o)(c_t.l)
    0x0000022c   0x00000004   Code   RO          433    .ARM.Collect$$rtexit$$00000000  c_t.l(rtexit.o)(c_t.l)
    0x00000230   0x00000000   Code   RO          487    .ARM.Collect$$rtexit$$00000002  c_t.l(rtexit2.o)(c_t.l)
    0x00000230   0x00000004   Code   RO          488    .ARM.Collect$$rtexit$$00000003  c_t.l(rtexit2.o)(c_t.l)
    0x00000234   0x00000008   Code   RO          489    .ARM.Collect$$rtexit$$00000004  c_t.l(rtexit2.o)(c_t.l)
    0x0000023c   0x00000020   Code   RO            4    .text               startup.o
    0x0000025c   0x00000264   Code   RO           11    .text               uart0.o
    0x000004c0   0x0000005c   Code   RO           33    .text               delay.o
    0x0000051c   0x0000098c   Code   RO           48    .text               esp01.o
    0x00000ea8   0x000002e8   Code   RO           73    .text               lcd.o
    0x00001190   0x00000154   Code   RO           91    .text               dht11_eeprom.o
    0x000012e4   0x00000138   Code   RO          115    .text               i2c.o
    0x0000141c   0x0000019c   Code   RO          130    .text               i2c_eeprom.o
    0x000015b8   0x00000048   Code   RO          145    .text               i2c_peripheral.o
    0x00001600   0x00000084   Code   RO          163    .text               pin_connect_block.o
    0x00001684   0x00000204   Code   RO          175    .text               rtc_based_cloud_updation.o
    0x00001888   0x00000080   Code   RO          204    .text               eint0.o
    0x00001908   0x00000488   Code   RO          222    .text               interrupts.o
    0x00001d90   0x0000013c   Code   RO          250    .text               kpm.o
    0x00001ecc   0x00000030   Code   RO          268    .text               rtc.o
    0x00001efc   0x00000040   Code   RO          283    .text               setpointaction.o
    0x00001f3c   0x00000150   Code   RO          298    .text               dht11a.o
    0x0000208c   0x000001f4   Code   RO          313    .text               dht11_testa.o
    0x00002280   0x00000008   Ven    RO          328    .text               c_t.l(strstr.o)(c_t.l)
    0x00002288   0x0000002a   Code   RO          328    .text               c_t.l(strstr.o)(c_t.l)
    0x000022b2   0x00000002   PAD
    0x000022b4   0x00000040   Code   RO          330    .text               c_t.l(rt_memclr.o)(c_t.l)
    0x000022f4   0x00000180   Code   RO          332    .text               c_t.l(aeabi_sdiv.o)(c_t.l)
    0x00002474   0x00000006   Code   RO          348    .text               c_t.l(heapauxi.o)(c_t.l)
    0x0000247a   0x00000002   PAD
    0x0000247c   0x00000054   Code   RO          382    .text               c_t.l(rt_memclr_w.o)(c_t.l)
    0x000024d0   0x00000060   Code   RO          415    .text               c_t.l(sys_stackheap_outer.o)(c_t.l)
    0x00002530   0x0000000c   Code   RO          417    .text               c_t.l(exit.o)(c_t.l)
    0x0000253c   0x0000000c   Code   RO          430    .text               c_t.l(libspace.o)(c_t.l)
    0x00002548   0x00000008   Ven    RO          484    .text               c_t.l(sys_exit.o)(c_t.l)
    0x00002550   0x0000000c   Code   RO          484    .text               c_t.l(sys_exit.o)(c_t.l)
    0x0000255c   0x00000010   Code   RO          497    .text               c_t.l(rt_fp_status_addr_intlibspace.o)(c_t.l)
    0x0000256c   0x00000004   Code   RO          509    .text               c_t.l(use_no_semi.o)(c_t.l)
    0x00002570   0x00000024   Code   RO          333    .text_udiv          c_t.l(aeabi_sdiv.o)(c_t.l)
    0x00002594   0x0000001c   Code   RO          384    x$fpl$dcmpinf       fz_ts.l(dcmpi.o)(fz_ts.l)
    0x000025b0   0x00000094   Code   RO          352    x$fpl$dleqf         fz_ts.l(dleqf.o)(fz_ts.l)
    0x00002644   0x000000c0   Code   RO          386    x$fpl$dnaninf       fz_ts.l(dnaninf.o)(fz_ts.l)
    0x00002704   0x00000010   Code   RO          388    x$fpl$dretinf       fz_ts.l(dretinf.o)(fz_ts.l)
    0x00002714   0x00000064   Code   RO          354    x$fpl$f2d           fz_ts.l(f2d.o)(fz_ts.l)
    0x00002778   0x000000c4   Code   RO          356    x$fpl$fadd          fz_ts.l(faddsub_noclz.o)(fz_ts.l)
    0x0000283c   0x00000044   Code   RO          362    x$fpl$ffix          fz_ts.l(ffix.o)(fz_ts.l)
    0x00002880   0x00000054   Code   RO          366    x$fpl$ffixu         fz_ts.l(ffixu.o)(fz_ts.l)
    0x000028d4   0x0000005c   Code   RO          371    x$fpl$fflt          fz_ts.l(fflt_noclz.o)(fz_ts.l)
    0x00002930   0x00000008   Code   RO          370    x$fpl$ffltu         fz_ts.l(fflt_noclz.o)(fz_ts.l)
    0x00002938   0x00000100   Code   RO          374    x$fpl$fmul          fz_ts.l(fmul.o)(fz_ts.l)
    0x00002a38   0x000000a8   Code   RO          390    x$fpl$fnaninf       fz_ts.l(fnaninf.o)(fz_ts.l)
    0x00002ae0   0x00000004   Ven    RO          482    x$fpl$fpinit        fz_ts.l(fpinit.o)(fz_ts.l)
    0x00002ae4   0x00000018   Code   RO          482    x$fpl$fpinit        fz_ts.l(fpinit.o)(fz_ts.l)
    0x00002afc   0x00000010   Code   RO          392    x$fpl$fretinf       fz_ts.l(fretinf.o)(fz_ts.l)
    0x00002b0c   0x00000014   Code   RO          357    x$fpl$frsb          fz_ts.l(faddsub_noclz.o)(fz_ts.l)
    0x00002b20   0x00000130   Code   RO          358    x$fpl$fsub          fz_ts.l(faddsub_noclz.o)(fz_ts.l)
    0x00002c50   0x00000000   Code   RO          394    x$fpl$usenofp       fz_ts.l(usenofp.o)(fz_ts.l)
    0x00002c50   0x0000001e   Data   RO          223    .conststring        interrupts.o
    0x00002c6e   0x00000002   PAD
    0x00002c70   0x00000020   Data   RO          559    Region$$Table       anon$$obj.o


    Execution Region RW_IRAM1 (Base: 0x40000000, Size: 0x00000638, Max: 0x00008000, ABSOLUTE, COMPRESSED[0x00000034])

    Base Addr    Size         Type   Attr      Idx    E Section Name        Object

    0x40000000   0x000000cc   Data   RW           12    .data               uart0.o
    0x400000cc   0x00000001   Data   RW           92    .data               dht11_eeprom.o
    0x400000cd   0x00000003   Data   RW          177    .data               rtc_based_cloud_updation.o
    0x400000d0   0x00000001   Data   RW          205    .data               eint0.o
    0x400000d1   0x00000003   PAD
    0x400000d4   0x00000018   Data   RW          224    .data               interrupts.o
    0x400000ec   0x00000040   Data   RW          251    .data               kpm.o
    0x4000012c   0x0000001e   Zero   RW          176    .bss                rtc_based_cloud_updation.o
    0x4000014a   0x00000002   PAD
    0x4000014c   0x00000060   Zero   RW          431    .bss                c_t.l(libspace.o)(c_t.l)
    0x400001ac   0x00000004   PAD
    0x400001b0   0x00000000   Zero   RW            2    HEAP                startup.o
    0x400001b0   0x00000488   Zero   RW            1    STACK               startup.o


==============================================================================

Image component sizes


      Code (inc. data)   RO Data    RW Data    ZI Data      Debug   Object Name

        92          8          0          0          0          0   delay.o
       340         60          0          1          0          0   dht11_eeprom.o
       500         96          0          0          0          0   dht11_testa.o
       336          4          0          0          0          0   dht11a.o
       128          8          0          1          0          0   eint0.o
      2444        476          0          0          0          0   esp01.o
       312          4          0          0          0          0   i2c.o
       412          0          0          0          0          0   i2c_eeprom.o
        72          4          0          0          0          0   i2c_peripheral.o
      1160        108         30         24          0          0   interrupts.o
       316          8          0         64          0          0   kpm.o
       744          8          0          0          0          0   lcd.o
       132          4          0          0          0          0   pin_connect_block.o
        48          8          0          0          0          0   rtc.o
       516         28          0          3         30          0   rtc_based_cloud_updation.o
        64          4          0          0          0          0   setpointaction.o
       304         60          0          0       1160          0   startup.o
       612         28          0        204          0          0   uart0.o

    ----------------------------------------------------------------------
      8532        916         64        300       1192          0   Object Totals
         0          0         32          0          0          0   (incl. Generated)
         0          0          2          3          2          3   (incl. Padding)

    ----------------------------------------------------------------------

      Code (inc. data)   RO Data    RW Data    ZI Data      Debug   Library Member Name

        68          2          0          0          0          0   __dczerorl.o
         8          0          0          0          0          0   __main.o
        60          8          0          0          0          0   __scatter.o
        44          0          0          0          0          0   __scatter_zi.o
       420          0          0          0          0          0   aeabi_sdiv.o
        12          0          0          0          0          0   exit.o
         6          0          0          0          0          0   heapauxi.o
        14          0          0          0          0          0   libinit.o
        12          0          0          0          0          0   libinit2.o
        12          0          0          0          0          0   libshutdown.o
         6          0          0          0          0          0   libshutdown2.o
        12          4          0          0         96          0   libspace.o
        16          4          0          0          0          0   rt_fp_status_addr_intlibspace.o
        64          0          0          0          0          0   rt_memclr.o
        84          0          0          0          0          0   rt_memclr_w.o
         0          0          0          0          0          0   rtentry.o
        44          4          0          0          0          0   rtentry2.o
         8          0          0          0          0          0   rtentry4.o
         8          0          0          0          0          0   rtexit.o
        12          0          0          0          0          0   rtexit2.o
        50          0          0          0          0          0   strstr.o
        20          4          0          0          0          0   sys_exit.o
        96          0          0          0          0          0   sys_stackheap_outer.o
         4          0          0          0          0          0   use_no_semi.o
        28          0          0          0          0          0   dcmpi.o
       148          4          0          0          0          0   dleqf.o
       192          0          0          0          0          0   dnaninf.o
        16          0          0          0          0          0   dretinf.o
       100          4          0          0          0          0   f2d.o
       520          8          0          0          0          0   faddsub_noclz.o
        68          4          0          0          0          0   ffix.o
        84          4          0          0          0          0   ffixu.o
       100          0          0          0          0          0   fflt_noclz.o
       256          4          0          0          0          0   fmul.o
       168          0          0          0          0          0   fnaninf.o
        28          0          0          0          0          0   fpinit.o
        16          0          0          0          0          0   fretinf.o
         0          0          0          0          0          0   usenofp.o

    ----------------------------------------------------------------------
      2812         54          0          0        100          0   Library Totals
         8          0          0          0          4          0   (incl. Padding)

    ----------------------------------------------------------------------

      Code (inc. data)   RO Data    RW Data    ZI Data      Debug   Library Name

      1080         26          0          0         96        976   c_t.l
      1724         28          0          0          0       1292   fz_ts.l

    ----------------------------------------------------------------------
      2812         54          0          0        100          0   Library Totals

    ----------------------------------------------------------------------

==============================================================================


      Code (inc. data)   RO Data    RW Data    ZI Data      Debug   

     11344        970         64        300       1292      30416   Grand Totals
     11344        970         64         52       1292      30416   ELF Image Totals (compressed)
     11344        970         64         52          0          0   ROM Totals

==============================================================================

    Total RO  Size (Code + RO Data)                11408 (  11.14kB)
    Total RW  Size (RW Data + ZI Data)              1592 (   1.55kB)
    Total ROM Size (Code + RO Data + RW Data)      11460 (  11.19kB)

==============================================================================

