<html>
<body>
<pre>
<h1>µVision Build Log</h1>
<h2>Project:</h2>
C:\Users\LENOVO\Downloads\ARM_Major_ProjectV15\ARM_Major_ProjectV14\ARM_Major_ProjectV12\ARM_Major_ProjectV10\ARM_Major_ProjectV9\ARM_Major_ProjectV8\ARM_Major_ProjectV8\LPC2148-ESP01-LEVEL1\ESP01.uvproj
Project File Date:  01/08/2026

<h2>Output:</h2>
Rebuild target 'Target 1'
assembling Startup.s...
compiling uart0.c...
compiling delay.c...
compiling esp01.c...
compiling lcd.c...
compiling dht11_eeprom.c...
compiling i2c.c...
compiling i2c_eeprom.c...
compiling i2c_peripheral.c...
compiling pin_connect_block.c...
compiling rtc_based_cloud_updation.c...
compiling eint0.c...
compiling interrupts.c...
compiling kpm.c...
compiling rtc.c...
compiling setPointAction.c...
compiling dht11a.c...
compiling dht11_testa.c...
linking...
Program Size: Code=11288 RO-data=64 RW-data=300 ZI-data=1292  
FromELF: creating hex file...
".\output.axf" - 0 Error(s), 0 Warning(s).
</pre>
</body>
</html>
R          (*((volatile unsigned char *) 0xE000C004))
C:\Keil\ARM\Inc\Philips\LPC21xx.h(164): warning:  #47-D: incompatible redefinition of macro "U0IIR" (declared at line 189 of "C:\Keil\ARM\Inc\Philips\LPC214x.h")
  #define U0IIR          (*((volatile unsigned char *) 0xE000C008))
C:\Keil\ARM\Inc\Philips\LPC21xx.h(169): warning:  #47-D: incompatible redefinition of macro "U0FDR" (declared at line 199 of "C:\Keil\ARM\Inc\Philips\LPC214x.h")
  #define U0FDR          (*((volatile unsigned char *) 0xE000C028))
C:\Keil\ARM\Inc\Philips\LPC21xx.h(176): warning:  #47-D: incompatible redefinition of macro "U1IER" (declared at line 205 of "C:\Keil\ARM\Inc\Philips\LPC214x.h")
  #define U1IER          (*((volatile unsigned char *) 0xE0010004))
C:\Keil\ARM\Inc\Philips\LPC21xx.h(177): warning:  #47-D: incompatible redefinition of macro "U1IIR" (declared at line 206 of "C:\Keil\ARM\Inc\Philips\LPC214x.h")
  #define U1IIR          (*((volatile unsigned char *) 0xE0010008))
C:\Keil\ARM\Inc\Philips\LPC21xx.h(184): warning:  #47-D: incompatible redefinition of macro "U1FDR" (declared at line 216 of "C:\Keil\ARM\Inc\Philips\LPC214x.h")
  #define U1FDR          (*((volatile unsigned char *) 0xE0010028))
dht11_testa.c: 6 warnings, 0 errors
linking...
Program Size: Code=11036 RO-data=64 RW-data=300 ZI-data=1292  
FromELF: creating hex file...
".\output.axf" - 0 Error(s), 6 Warning(s).
